[
  {
    "testCase": "fo-test-fn-parse-integer-011",
    "outcome": "false-positive",
    "expectedCode": null
  },
  {
    "testCase": "fo-test-fn-compare-026",
    "outcome": "false-positive",
    "expectedCode": null
  },
  {
    "testCase": "fo-test-fn-replace-001",
    "outcome": "false-positive",
    "expectedCode": null
  },
  {
    "testCase": "fo-test-fn-replace-002",
    "outcome": "false-positive",
    "expectedCode": null
  },
  {
    "testCase": "fo-test-fn-replace-003",
    "outcome": "false-positive",
    "expectedCode": null
  },
  {
    "testCase": "fo-test-fn-replace-004",
    "outcome": "false-positive",
    "expectedCode": null
  },
  {
    "testCase": "fo-test-fn-replace-005",
    "outcome": "false-positive",
    "expectedCode": null
  },
  {
    "testCase": "fo-test-fn-replace-006",
    "outcome": "false-positive",
    "expectedCode": null
  },
  {
    "testCase": "fo-test-fn-replace-007",
    "outcome": "false-positive",
    "expectedCode": null
  },
  {
    "testCase": "fo-test-fn-replace-008",
    "outcome": "false-positive",
    "expectedCode": null
  },
  {
    "testCase": "fo-test-fn-replace-009",
    "outcome": "false-positive",
    "expectedCode": null
  },
  {
    "testCase": "fo-test-fn-replace-010",
    "outcome": "false-positive",
    "expectedCode": null
  },
  {
    "testCase": "fo-test-fn-replace-011",
    "outcome": "false-positive",
    "expectedCode": null
  },
  {
    "testCase": "fo-test-fn-replace-012",
    "outcome": "false-positive",
    "expectedCode": null
  },
  {
    "testCase": "fo-test-fn-replace-013",
    "outcome": "false-positive",
    "expectedCode": null
  },
  {
    "testCase": "fo-test-fn-replace-014",
    "outcome": "false-positive",
    "expectedCode": null
  },
  {
    "testCase": "fo-test-fn-regex-003",
    "outcome": "false-positive",
    "expectedCode": null
  },
  {
    "testCase": "fo-test-fn-path-013",
    "outcome": "false-positive",
    "expectedCode": null
  },
  {
    "testCase": "fo-test-fn-path-014",
    "outcome": "false-positive",
    "expectedCode": null
  },
  {
    "testCase": "fo-test-fn-path-015",
    "outcome": "false-positive",
    "expectedCode": null
  },
  {
    "testCase": "fo-test-fn-path-016",
    "outcome": "false-positive",
    "expectedCode": null
  },
  {
    "testCase": "fo-test-fn-path-017",
    "outcome": "false-positive",
    "expectedCode": null
  },
  {
    "testCase": "fo-test-fn-distinct-ordered-nodes-002",
    "outcome": "false-positive",
    "expectedCode": null
  },
  {
    "testCase": "fo-test-fn-innermost-002",
    "outcome": "false-positive",
    "expectedCode": null
  },
  {
    "testCase": "fo-test-fn-outermost-002",
    "outcome": "false-positive",
    "expectedCode": null
  },
  {
    "testCase": "fo-test-fn-ends-with-subsequence-008",
    "outcome": "false-positive",
    "expectedCode": null
  },
  {
    "testCase": "fo-test-fn-deep-equal-001",
    "outcome": "false-positive",
    "expectedCode": null
  },
  {
    "testCase": "fo-test-fn-deep-equal-002",
    "outcome": "false-positive",
    "expectedCode": null
  },
  {
    "testCase": "fo-test-fn-deep-equal-003",
    "outcome": "false-positive",
    "expectedCode": null
  },
  {
    "testCase": "fo-test-fn-deep-equal-004",
    "outcome": "false-positive",
    "expectedCode": null
  },
  {
    "testCase": "fo-test-fn-deep-equal-005",
    "outcome": "false-positive",
    "expectedCode": null
  },
  {
    "testCase": "fo-test-fn-last-001",
    "outcome": "false-positive",
    "expectedCode": null
  },
  {
    "testCase": "fo-test-fn-sort-004",
    "outcome": "false-positive",
    "expectedCode": null
  },
  {
    "testCase": "fo-test-fn-sort-by-005",
    "outcome": "false-positive",
    "expectedCode": null
  },
  {
    "testCase": "fo-test-fn-sort-by-006",
    "outcome": "false-positive",
    "expectedCode": null
  },
  {
    "testCase": "fo-test-fn-atomic-equal-015",
    "outcome": "false-positive",
    "expectedCode": null
  },
  {
    "testCase": "fo-test-map-build-013",
    "outcome": "false-positive",
    "expectedCode": null
  },
  {
    "testCase": "fo-test-fn-element-to-map-004",
    "outcome": "false-positive",
    "expectedCode": null
  },
  {
    "testCase": "fo-test-fn-element-to-map-005",
    "outcome": "false-positive",
    "expectedCode": null
  },
  {
    "testCase": "fo-test-fn-element-to-map-006",
    "outcome": "false-positive",
    "expectedCode": null
  },
  {
    "testCase": "fo-test-fn-parse-json-008",
    "outcome": "false-positive",
    "expectedCode": null
  },
  {
    "testCase": "fo-test-fn-jtree-003",
    "outcome": "false-positive",
    "expectedCode": null
  },
  {
    "testCase": "fo-test-fn-jkey-001",
    "outcome": "false-positive",
    "expectedCode": null
  },
  {
    "testCase": "fo-test-fn-jvalue-001",
    "outcome": "false-positive",
    "expectedCode": null
  },
  {
    "testCase": "fo-test-fn-jvalue-003",
    "outcome": "false-positive",
    "expectedCode": null
  }
]