[
  {
    "testCase": "functx-functx-camel-case-to-words-1",
    "outcome": "false-positive",
    "expectedCode": null
  },
  {
    "testCase": "functx-functx-camel-case-to-words-2",
    "outcome": "false-positive",
    "expectedCode": null
  },
  {
    "testCase": "functx-functx-camel-case-to-words-all",
    "outcome": "false-positive",
    "expectedCode": null
  },
  {
    "testCase": "functx-functx-contains-word-1",
    "outcome": "false-positive",
    "expectedCode": null
  },
  {
    "testCase": "functx-functx-contains-word-2",
    "outcome": "false-positive",
    "expectedCode": null
  },
  {
    "testCase": "functx-functx-contains-word-3",
    "outcome": "false-positive",
    "expectedCode": null
  },
  {
    "testCase": "functx-functx-contains-word-4",
    "outcome": "false-positive",
    "expectedCode": null
  },
  {
    "testCase": "functx-functx-contains-word-5",
    "outcome": "false-positive",
    "expectedCode": null
  },
  {
    "testCase": "functx-functx-contains-word-all",
    "outcome": "false-positive",
    "expectedCode": null
  },
  {
    "testCase": "functx-functx-ddmmyyyy-to-date-1",
    "outcome": "false-positive",
    "expectedCode": null
  },
  {
    "testCase": "functx-functx-ddmmyyyy-to-date-2",
    "outcome": "false-positive",
    "expectedCode": null
  },
  {
    "testCase": "functx-functx-ddmmyyyy-to-date-3",
    "outcome": "false-positive",
    "expectedCode": null
  },
  {
    "testCase": "functx-functx-ddmmyyyy-to-date-all",
    "outcome": "false-positive",
    "expectedCode": null
  },
  {
    "testCase": "functx-functx-duration-from-timezone-1",
    "outcome": "false-positive",
    "expectedCode": null
  },
  {
    "testCase": "functx-functx-duration-from-timezone-2",
    "outcome": "false-positive",
    "expectedCode": null
  },
  {
    "testCase": "functx-functx-duration-from-timezone-3",
    "outcome": "false-positive",
    "expectedCode": null
  },
  {
    "testCase": "functx-functx-duration-from-timezone-all",
    "outcome": "false-positive",
    "expectedCode": null
  },
  {
    "testCase": "functx-functx-escape-for-regex-1",
    "outcome": "false-positive",
    "expectedCode": null
  },
  {
    "testCase": "functx-functx-escape-for-regex-2",
    "outcome": "false-positive",
    "expectedCode": null
  },
  {
    "testCase": "functx-functx-escape-for-regex-all",
    "outcome": "false-positive",
    "expectedCode": null
  },
  {
    "testCase": "functx-functx-format-as-title-en-1",
    "outcome": "false-positive",
    "expectedCode": null
  },
  {
    "testCase": "functx-functx-get-matches-and-non-matches-1",
    "outcome": "false-positive",
    "expectedCode": null
  },
  {
    "testCase": "functx-functx-get-matches-and-non-matches-2",
    "outcome": "false-positive",
    "expectedCode": null
  },
  {
    "testCase": "functx-functx-get-matches-and-non-matches-3",
    "outcome": "false-positive",
    "expectedCode": null
  },
  {
    "testCase": "functx-functx-get-matches-and-non-matches-all",
    "outcome": "false-positive",
    "expectedCode": null
  },
  {
    "testCase": "functx-functx-get-matches-1",
    "outcome": "false-positive",
    "expectedCode": null
  },
  {
    "testCase": "functx-functx-get-matches-2",
    "outcome": "false-positive",
    "expectedCode": null
  },
  {
    "testCase": "functx-functx-get-matches-3",
    "outcome": "false-positive",
    "expectedCode": null
  },
  {
    "testCase": "functx-functx-get-matches-all",
    "outcome": "false-positive",
    "expectedCode": null
  },
  {
    "testCase": "functx-functx-left-trim-1",
    "outcome": "false-positive",
    "expectedCode": null
  },
  {
    "testCase": "functx-functx-left-trim-2",
    "outcome": "false-positive",
    "expectedCode": null
  },
  {
    "testCase": "functx-functx-left-trim-3",
    "outcome": "false-positive",
    "expectedCode": null
  },
  {
    "testCase": "functx-functx-left-trim-all",
    "outcome": "false-positive",
    "expectedCode": null
  },
  {
    "testCase": "functx-functx-mmddyyyy-to-date-1",
    "outcome": "false-positive",
    "expectedCode": null
  },
  {
    "testCase": "functx-functx-mmddyyyy-to-date-2",
    "outcome": "false-positive",
    "expectedCode": null
  },
  {
    "testCase": "functx-functx-mmddyyyy-to-date-3",
    "outcome": "false-positive",
    "expectedCode": null
  },
  {
    "testCase": "functx-functx-mmddyyyy-to-date-all",
    "outcome": "false-positive",
    "expectedCode": null
  },
  {
    "testCase": "functx-functx-replace-beginning-1",
    "outcome": "false-positive",
    "expectedCode": null
  },
  {
    "testCase": "functx-functx-replace-beginning-2",
    "outcome": "false-positive",
    "expectedCode": null
  },
  {
    "testCase": "functx-functx-replace-beginning-3",
    "outcome": "false-positive",
    "expectedCode": null
  },
  {
    "testCase": "functx-functx-replace-beginning-4",
    "outcome": "false-positive",
    "expectedCode": null
  },
  {
    "testCase": "functx-functx-replace-beginning-all",
    "outcome": "false-positive",
    "expectedCode": null
  },
  {
    "testCase": "functx-functx-replace-first-1",
    "outcome": "false-positive",
    "expectedCode": null
  },
  {
    "testCase": "functx-functx-replace-first-2",
    "outcome": "false-positive",
    "expectedCode": null
  },
  {
    "testCase": "functx-functx-replace-first-3",
    "outcome": "false-positive",
    "expectedCode": null
  },
  {
    "testCase": "functx-functx-replace-first-4",
    "outcome": "false-positive",
    "expectedCode": null
  },
  {
    "testCase": "functx-functx-replace-first-5",
    "outcome": "false-positive",
    "expectedCode": null
  },
  {
    "testCase": "functx-functx-replace-first-all",
    "outcome": "false-positive",
    "expectedCode": null
  },
  {
    "testCase": "functx-functx-replace-multi-1",
    "outcome": "false-positive",
    "expectedCode": null
  },
  {
    "testCase": "functx-functx-right-trim-1",
    "outcome": "false-positive",
    "expectedCode": null
  },
  {
    "testCase": "functx-functx-right-trim-2",
    "outcome": "false-positive",
    "expectedCode": null
  },
  {
    "testCase": "functx-functx-right-trim-3",
    "outcome": "false-positive",
    "expectedCode": null
  },
  {
    "testCase": "functx-functx-right-trim-all",
    "outcome": "false-positive",
    "expectedCode": null
  },
  {
    "testCase": "functx-functx-substring-after-last-match-1",
    "outcome": "false-positive",
    "expectedCode": null
  },
  {
    "testCase": "functx-functx-substring-after-last-match-2",
    "outcome": "false-positive",
    "expectedCode": null
  },
  {
    "testCase": "functx-functx-substring-after-last-match-3",
    "outcome": "false-positive",
    "expectedCode": null
  },
  {
    "testCase": "functx-functx-substring-after-last-match-all",
    "outcome": "false-positive",
    "expectedCode": null
  },
  {
    "testCase": "functx-functx-substring-after-last-1",
    "outcome": "false-positive",
    "expectedCode": null
  },
  {
    "testCase": "functx-functx-substring-after-last-2",
    "outcome": "false-positive",
    "expectedCode": null
  },
  {
    "testCase": "functx-functx-substring-after-last-3",
    "outcome": "false-positive",
    "expectedCode": null
  },
  {
    "testCase": "functx-functx-substring-after-last-all",
    "outcome": "false-positive",
    "expectedCode": null
  },
  {
    "testCase": "functx-functx-substring-after-match-1",
    "outcome": "false-positive",
    "expectedCode": null
  },
  {
    "testCase": "functx-functx-substring-after-match-2",
    "outcome": "false-positive",
    "expectedCode": null
  },
  {
    "testCase": "functx-functx-substring-after-match-3",
    "outcome": "false-positive",
    "expectedCode": null
  },
  {
    "testCase": "functx-functx-substring-after-match-all",
    "outcome": "false-positive",
    "expectedCode": null
  },
  {
    "testCase": "functx-functx-substring-before-last-match-1",
    "outcome": "false-positive",
    "expectedCode": null
  },
  {
    "testCase": "functx-functx-substring-before-last-match-2",
    "outcome": "false-positive",
    "expectedCode": null
  },
  {
    "testCase": "functx-functx-substring-before-last-match-3",
    "outcome": "false-positive",
    "expectedCode": null
  },
  {
    "testCase": "functx-functx-substring-before-last-match-all",
    "outcome": "false-positive",
    "expectedCode": null
  },
  {
    "testCase": "functx-functx-substring-before-last-1",
    "outcome": "false-positive",
    "expectedCode": null
  },
  {
    "testCase": "functx-functx-substring-before-last-2",
    "outcome": "false-positive",
    "expectedCode": null
  },
  {
    "testCase": "functx-functx-substring-before-last-3",
    "outcome": "false-positive",
    "expectedCode": null
  },
  {
    "testCase": "functx-functx-substring-before-last-all",
    "outcome": "false-positive",
    "expectedCode": null
  },
  {
    "testCase": "functx-functx-timezone-from-duration-1",
    "outcome": "false-positive",
    "expectedCode": null
  },
  {
    "testCase": "functx-functx-timezone-from-duration-2",
    "outcome": "false-positive",
    "expectedCode": null
  },
  {
    "testCase": "functx-functx-timezone-from-duration-3",
    "outcome": "false-positive",
    "expectedCode": null
  },
  {
    "testCase": "functx-functx-timezone-from-duration-all",
    "outcome": "false-positive",
    "expectedCode": null
  },
  {
    "testCase": "functx-functx-trim-1",
    "outcome": "false-positive",
    "expectedCode": null
  },
  {
    "testCase": "functx-functx-trim-2",
    "outcome": "false-positive",
    "expectedCode": null
  },
  {
    "testCase": "functx-functx-trim-3",
    "outcome": "false-positive",
    "expectedCode": null
  },
  {
    "testCase": "functx-functx-trim-all",
    "outcome": "false-positive",
    "expectedCode": null
  },
  {
    "testCase": "functx-functx-yyyyddmm-to-date-1",
    "outcome": "false-positive",
    "expectedCode": null
  },
  {
    "testCase": "functx-functx-yyyyddmm-to-date-2",
    "outcome": "false-positive",
    "expectedCode": null
  },
  {
    "testCase": "functx-functx-yyyyddmm-to-date-3",
    "outcome": "false-positive",
    "expectedCode": null
  },
  {
    "testCase": "functx-functx-yyyyddmm-to-date-all",
    "outcome": "false-positive",
    "expectedCode": null
  },
  {
    "testCase": "functx-functx-yyyymmdd-to-date-1",
    "outcome": "false-positive",
    "expectedCode": null
  },
  {
    "testCase": "functx-functx-yyyymmdd-to-date-2",
    "outcome": "false-positive",
    "expectedCode": null
  },
  {
    "testCase": "functx-functx-yyyymmdd-to-date-3",
    "outcome": "false-positive",
    "expectedCode": null
  },
  {
    "testCase": "functx-functx-yyyymmdd-to-date-all",
    "outcome": "false-positive",
    "expectedCode": null
  }
]