[
  {
    "testCase": "functx-fn-replace-1",
    "outcome": "false-positive",
    "expectedCode": null
  },
  {
    "testCase": "functx-fn-replace-2",
    "outcome": "false-positive",
    "expectedCode": null
  },
  {
    "testCase": "functx-fn-replace-3",
    "outcome": "false-positive",
    "expectedCode": null
  },
  {
    "testCase": "functx-fn-replace-4",
    "outcome": "false-positive",
    "expectedCode": null
  },
  {
    "testCase": "functx-fn-replace-5",
    "outcome": "false-positive",
    "expectedCode": null
  },
  {
    "testCase": "functx-fn-replace-6",
    "outcome": "false-positive",
    "expectedCode": null
  },
  {
    "testCase": "functx-fn-replace-7",
    "outcome": "false-positive",
    "expectedCode": null
  },
  {
    "testCase": "functx-fn-replace-8",
    "outcome": "false-positive",
    "expectedCode": null
  },
  {
    "testCase": "functx-fn-replace-9",
    "outcome": "false-positive",
    "expectedCode": null
  },
  {
    "testCase": "functx-fn-replace-10",
    "outcome": "false-positive",
    "expectedCode": null
  },
  {
    "testCase": "functx-fn-replace-11",
    "outcome": "false-positive",
    "expectedCode": null
  },
  {
    "testCase": "functx-fn-replace-12",
    "outcome": "false-positive",
    "expectedCode": null
  },
  {
    "testCase": "functx-fn-replace-13",
    "outcome": "false-positive",
    "expectedCode": null
  },
  {
    "testCase": "functx-fn-replace-14",
    "outcome": "false-positive",
    "expectedCode": null
  },
  {
    "testCase": "functx-fn-replace-15",
    "outcome": "false-positive",
    "expectedCode": null
  },
  {
    "testCase": "functx-fn-replace-16",
    "outcome": "false-positive",
    "expectedCode": null
  },
  {
    "testCase": "functx-fn-replace-17",
    "outcome": "false-positive",
    "expectedCode": null
  },
  {
    "testCase": "functx-fn-replace-18",
    "outcome": "false-positive",
    "expectedCode": null
  },
  {
    "testCase": "functx-fn-replace-19",
    "outcome": "false-positive",
    "expectedCode": null
  },
  {
    "testCase": "functx-fn-replace-all",
    "outcome": "false-positive",
    "expectedCode": null
  }
]