[
  {
    "testCase": "fo-test-fn-replace-016",
    "outcome": "parse-failed"
  },
  {
    "testCase": "fo-test-fn-regex-003",
    "outcome": "parse-failed"
  },
  {
    "testCase": "fo-test-map-build-013",
    "outcome": "parse-failed"
  },
  {
    "testCase": "fo-test-fn-jkey-002",
    "outcome": "parse-failed"
  },
  {
    "testCase": "fo-test-fn-jvalue-002",
    "outcome": "parse-failed"
  }
]