[
  {
    "testCase": "functx-functx-camel-case-to-words-1",
    "outcome": "false-positive",
    "expectedCode": null
  },
  {
    "testCase": "functx-functx-camel-case-to-words-2",
    "outcome": "false-positive",
    "expectedCode": null
  },
  {
    "testCase": "functx-functx-camel-case-to-words-all",
    "outcome": "false-positive",
    "expectedCode": null
  },
  {
    "testCase": "functx-functx-change-element-names-deep-1",
    "outcome": "false-positive",
    "expectedCode": null
  },
  {
    "testCase": "functx-functx-change-element-names-deep-2",
    "outcome": "false-positive",
    "expectedCode": null
  },
  {
    "testCase": "functx-functx-change-element-names-deep-3",
    "outcome": "false-positive",
    "expectedCode": null
  },
  {
    "testCase": "functx-functx-change-element-names-deep-all",
    "outcome": "false-positive",
    "expectedCode": null
  },
  {
    "testCase": "functx-functx-change-element-ns-deep-1",
    "outcome": "false-positive",
    "expectedCode": null
  },
  {
    "testCase": "functx-functx-change-element-ns-deep-2",
    "outcome": "false-positive",
    "expectedCode": null
  },
  {
    "testCase": "functx-functx-change-element-ns-deep-all",
    "outcome": "false-positive",
    "expectedCode": null
  },
  {
    "testCase": "functx-functx-contains-word-1",
    "outcome": "false-positive",
    "expectedCode": null
  },
  {
    "testCase": "functx-functx-contains-word-2",
    "outcome": "false-positive",
    "expectedCode": null
  },
  {
    "testCase": "functx-functx-contains-word-3",
    "outcome": "false-positive",
    "expectedCode": null
  },
  {
    "testCase": "functx-functx-contains-word-4",
    "outcome": "false-positive",
    "expectedCode": null
  },
  {
    "testCase": "functx-functx-contains-word-5",
    "outcome": "false-positive",
    "expectedCode": null
  },
  {
    "testCase": "functx-functx-contains-word-all",
    "outcome": "false-positive",
    "expectedCode": null
  },
  {
    "testCase": "functx-functx-ddmmyyyy-to-date-1",
    "outcome": "false-positive",
    "expectedCode": null
  },
  {
    "testCase": "functx-functx-ddmmyyyy-to-date-2",
    "outcome": "false-positive",
    "expectedCode": null
  },
  {
    "testCase": "functx-functx-ddmmyyyy-to-date-3",
    "outcome": "false-positive",
    "expectedCode": null
  },
  {
    "testCase": "functx-functx-ddmmyyyy-to-date-all",
    "outcome": "false-positive",
    "expectedCode": null
  },
  {
    "testCase": "functx-functx-distinct-attribute-names-1",
    "outcome": "false-positive",
    "expectedCode": null
  },
  {
    "testCase": "functx-functx-distinct-deep-1",
    "outcome": "false-positive",
    "expectedCode": null
  },
  {
    "testCase": "functx-functx-distinct-deep-2",
    "outcome": "false-positive",
    "expectedCode": null
  },
  {
    "testCase": "functx-functx-distinct-deep-3",
    "outcome": "false-positive",
    "expectedCode": null
  },
  {
    "testCase": "functx-functx-distinct-deep-all",
    "outcome": "false-positive",
    "expectedCode": null
  },
  {
    "testCase": "functx-functx-distinct-element-names-1",
    "outcome": "false-positive",
    "expectedCode": null
  },
  {
    "testCase": "functx-functx-distinct-element-names-2",
    "outcome": "false-positive",
    "expectedCode": null
  },
  {
    "testCase": "functx-functx-distinct-element-names-all",
    "outcome": "false-positive",
    "expectedCode": null
  },
  {
    "testCase": "functx-functx-distinct-element-paths-1",
    "outcome": "false-positive",
    "expectedCode": null
  },
  {
    "testCase": "functx-functx-distinct-element-paths-2",
    "outcome": "false-positive",
    "expectedCode": null
  },
  {
    "testCase": "functx-functx-distinct-element-paths-all",
    "outcome": "false-positive",
    "expectedCode": null
  },
  {
    "testCase": "functx-functx-distinct-nodes-1",
    "outcome": "false-positive",
    "expectedCode": null
  },
  {
    "testCase": "functx-functx-distinct-nodes-2",
    "outcome": "false-positive",
    "expectedCode": null
  },
  {
    "testCase": "functx-functx-distinct-nodes-all",
    "outcome": "false-positive",
    "expectedCode": null
  },
  {
    "testCase": "functx-functx-duration-from-timezone-1",
    "outcome": "false-positive",
    "expectedCode": null
  },
  {
    "testCase": "functx-functx-duration-from-timezone-2",
    "outcome": "false-positive",
    "expectedCode": null
  },
  {
    "testCase": "functx-functx-duration-from-timezone-3",
    "outcome": "false-positive",
    "expectedCode": null
  },
  {
    "testCase": "functx-functx-duration-from-timezone-all",
    "outcome": "false-positive",
    "expectedCode": null
  },
  {
    "testCase": "functx-functx-dynamic-path-1",
    "outcome": "false-positive",
    "expectedCode": null
  },
  {
    "testCase": "functx-functx-dynamic-path-2",
    "outcome": "false-positive",
    "expectedCode": null
  },
  {
    "testCase": "functx-functx-dynamic-path-3",
    "outcome": "false-positive",
    "expectedCode": null
  },
  {
    "testCase": "functx-functx-dynamic-path-4",
    "outcome": "false-positive",
    "expectedCode": null
  },
  {
    "testCase": "functx-functx-dynamic-path-all",
    "outcome": "false-positive",
    "expectedCode": null
  },
  {
    "testCase": "functx-functx-escape-for-regex-1",
    "outcome": "false-positive",
    "expectedCode": null
  },
  {
    "testCase": "functx-functx-escape-for-regex-2",
    "outcome": "false-positive",
    "expectedCode": null
  },
  {
    "testCase": "functx-functx-escape-for-regex-all",
    "outcome": "false-positive",
    "expectedCode": null
  },
  {
    "testCase": "functx-functx-first-node-1",
    "outcome": "false-positive",
    "expectedCode": null
  },
  {
    "testCase": "functx-functx-first-node-2",
    "outcome": "false-positive",
    "expectedCode": null
  },
  {
    "testCase": "functx-functx-first-node-all",
    "outcome": "false-positive",
    "expectedCode": null
  },
  {
    "testCase": "functx-functx-format-as-title-en-1",
    "outcome": "false-positive",
    "expectedCode": null
  },
  {
    "testCase": "functx-functx-get-matches-and-non-matches-1",
    "outcome": "false-positive",
    "expectedCode": null
  },
  {
    "testCase": "functx-functx-get-matches-and-non-matches-2",
    "outcome": "false-positive",
    "expectedCode": null
  },
  {
    "testCase": "functx-functx-get-matches-and-non-matches-3",
    "outcome": "false-positive",
    "expectedCode": null
  },
  {
    "testCase": "functx-functx-get-matches-and-non-matches-all",
    "outcome": "false-positive",
    "expectedCode": null
  },
  {
    "testCase": "functx-functx-get-matches-1",
    "outcome": "false-positive",
    "expectedCode": null
  },
  {
    "testCase": "functx-functx-get-matches-2",
    "outcome": "false-positive",
    "expectedCode": null
  },
  {
    "testCase": "functx-functx-get-matches-3",
    "outcome": "false-positive",
    "expectedCode": null
  },
  {
    "testCase": "functx-functx-get-matches-all",
    "outcome": "false-positive",
    "expectedCode": null
  },
  {
    "testCase": "functx-functx-index-of-deep-equal-node-1",
    "outcome": "false-positive",
    "expectedCode": null
  },
  {
    "testCase": "functx-functx-index-of-deep-equal-node-2",
    "outcome": "false-positive",
    "expectedCode": null
  },
  {
    "testCase": "functx-functx-index-of-deep-equal-node-3",
    "outcome": "false-positive",
    "expectedCode": null
  },
  {
    "testCase": "functx-functx-index-of-deep-equal-node-all",
    "outcome": "false-positive",
    "expectedCode": null
  },
  {
    "testCase": "functx-functx-index-of-node-1",
    "outcome": "false-positive",
    "expectedCode": null
  },
  {
    "testCase": "functx-functx-index-of-node-2",
    "outcome": "false-positive",
    "expectedCode": null
  },
  {
    "testCase": "functx-functx-index-of-node-3",
    "outcome": "false-positive",
    "expectedCode": null
  },
  {
    "testCase": "functx-functx-index-of-node-all",
    "outcome": "false-positive",
    "expectedCode": null
  },
  {
    "testCase": "functx-functx-index-of-string-last-1",
    "outcome": "false-positive",
    "expectedCode": null
  },
  {
    "testCase": "functx-functx-index-of-string-last-2",
    "outcome": "false-positive",
    "expectedCode": null
  },
  {
    "testCase": "functx-functx-index-of-string-last-3",
    "outcome": "false-positive",
    "expectedCode": null
  },
  {
    "testCase": "functx-functx-index-of-string-last-all",
    "outcome": "false-positive",
    "expectedCode": null
  },
  {
    "testCase": "functx-functx-last-node-1",
    "outcome": "false-positive",
    "expectedCode": null
  },
  {
    "testCase": "functx-functx-last-node-2",
    "outcome": "false-positive",
    "expectedCode": null
  },
  {
    "testCase": "functx-functx-last-node-all",
    "outcome": "false-positive",
    "expectedCode": null
  },
  {
    "testCase": "functx-functx-left-trim-1",
    "outcome": "false-positive",
    "expectedCode": null
  },
  {
    "testCase": "functx-functx-left-trim-2",
    "outcome": "false-positive",
    "expectedCode": null
  },
  {
    "testCase": "functx-functx-left-trim-3",
    "outcome": "false-positive",
    "expectedCode": null
  },
  {
    "testCase": "functx-functx-left-trim-all",
    "outcome": "false-positive",
    "expectedCode": null
  },
  {
    "testCase": "functx-functx-max-node-1",
    "outcome": "false-positive",
    "expectedCode": null
  },
  {
    "testCase": "functx-functx-min-node-1",
    "outcome": "false-positive",
    "expectedCode": null
  },
  {
    "testCase": "functx-functx-mmddyyyy-to-date-1",
    "outcome": "false-positive",
    "expectedCode": null
  },
  {
    "testCase": "functx-functx-mmddyyyy-to-date-2",
    "outcome": "false-positive",
    "expectedCode": null
  },
  {
    "testCase": "functx-functx-mmddyyyy-to-date-3",
    "outcome": "false-positive",
    "expectedCode": null
  },
  {
    "testCase": "functx-functx-mmddyyyy-to-date-all",
    "outcome": "false-positive",
    "expectedCode": null
  },
  {
    "testCase": "functx-functx-node-kind-1",
    "outcome": "false-positive",
    "expectedCode": null
  },
  {
    "testCase": "functx-functx-node-kind-2",
    "outcome": "false-positive",
    "expectedCode": null
  },
  {
    "testCase": "functx-functx-node-kind-3",
    "outcome": "false-positive",
    "expectedCode": null
  },
  {
    "testCase": "functx-functx-node-kind-4",
    "outcome": "false-positive",
    "expectedCode": null
  },
  {
    "testCase": "functx-functx-node-kind-5",
    "outcome": "false-positive",
    "expectedCode": null
  },
  {
    "testCase": "functx-functx-node-kind-6",
    "outcome": "false-positive",
    "expectedCode": null
  },
  {
    "testCase": "functx-functx-node-kind-all",
    "outcome": "false-positive",
    "expectedCode": null
  },
  {
    "testCase": "functx-functx-path-to-node-with-pos-1",
    "outcome": "false-positive",
    "expectedCode": null
  },
  {
    "testCase": "functx-functx-path-to-node-with-pos-2",
    "outcome": "false-positive",
    "expectedCode": null
  },
  {
    "testCase": "functx-functx-path-to-node-with-pos-all",
    "outcome": "false-positive",
    "expectedCode": null
  },
  {
    "testCase": "functx-functx-path-to-node-1",
    "outcome": "false-positive",
    "expectedCode": null
  },
  {
    "testCase": "functx-functx-path-to-node-2",
    "outcome": "false-positive",
    "expectedCode": null
  },
  {
    "testCase": "functx-functx-path-to-node-all",
    "outcome": "false-positive",
    "expectedCode": null
  },
  {
    "testCase": "functx-functx-remove-attributes-deep-1",
    "outcome": "false-positive",
    "expectedCode": null
  },
  {
    "testCase": "functx-functx-remove-attributes-deep-2",
    "outcome": "false-positive",
    "expectedCode": null
  },
  {
    "testCase": "functx-functx-remove-attributes-deep-3",
    "outcome": "false-positive",
    "expectedCode": null
  },
  {
    "testCase": "functx-functx-remove-attributes-deep-all",
    "outcome": "false-positive",
    "expectedCode": null
  },
  {
    "testCase": "functx-functx-remove-elements-deep-1",
    "outcome": "false-positive",
    "expectedCode": null
  },
  {
    "testCase": "functx-functx-remove-elements-deep-2",
    "outcome": "false-positive",
    "expectedCode": null
  },
  {
    "testCase": "functx-functx-remove-elements-deep-3",
    "outcome": "false-positive",
    "expectedCode": null
  },
  {
    "testCase": "functx-functx-remove-elements-deep-4",
    "outcome": "false-positive",
    "expectedCode": null
  },
  {
    "testCase": "functx-functx-remove-elements-deep-all",
    "outcome": "false-positive",
    "expectedCode": null
  },
  {
    "testCase": "functx-functx-remove-elements-not-contents-1",
    "outcome": "false-positive",
    "expectedCode": null
  },
  {
    "testCase": "functx-functx-remove-elements-not-contents-2",
    "outcome": "false-positive",
    "expectedCode": null
  },
  {
    "testCase": "functx-functx-remove-elements-not-contents-3",
    "outcome": "false-positive",
    "expectedCode": null
  },
  {
    "testCase": "functx-functx-remove-elements-not-contents-4",
    "outcome": "false-positive",
    "expectedCode": null
  },
  {
    "testCase": "functx-functx-remove-elements-not-contents-all",
    "outcome": "false-positive",
    "expectedCode": null
  },
  {
    "testCase": "functx-functx-replace-beginning-1",
    "outcome": "false-positive",
    "expectedCode": null
  },
  {
    "testCase": "functx-functx-replace-beginning-2",
    "outcome": "false-positive",
    "expectedCode": null
  },
  {
    "testCase": "functx-functx-replace-beginning-3",
    "outcome": "false-positive",
    "expectedCode": null
  },
  {
    "testCase": "functx-functx-replace-beginning-4",
    "outcome": "false-positive",
    "expectedCode": null
  },
  {
    "testCase": "functx-functx-replace-beginning-all",
    "outcome": "false-positive",
    "expectedCode": null
  },
  {
    "testCase": "functx-functx-replace-first-1",
    "outcome": "false-positive",
    "expectedCode": null
  },
  {
    "testCase": "functx-functx-replace-first-2",
    "outcome": "false-positive",
    "expectedCode": null
  },
  {
    "testCase": "functx-functx-replace-first-3",
    "outcome": "false-positive",
    "expectedCode": null
  },
  {
    "testCase": "functx-functx-replace-first-4",
    "outcome": "false-positive",
    "expectedCode": null
  },
  {
    "testCase": "functx-functx-replace-first-5",
    "outcome": "false-positive",
    "expectedCode": null
  },
  {
    "testCase": "functx-functx-replace-first-all",
    "outcome": "false-positive",
    "expectedCode": null
  },
  {
    "testCase": "functx-functx-replace-multi-1",
    "outcome": "false-positive",
    "expectedCode": null
  },
  {
    "testCase": "functx-functx-right-trim-1",
    "outcome": "false-positive",
    "expectedCode": null
  },
  {
    "testCase": "functx-functx-right-trim-2",
    "outcome": "false-positive",
    "expectedCode": null
  },
  {
    "testCase": "functx-functx-right-trim-3",
    "outcome": "false-positive",
    "expectedCode": null
  },
  {
    "testCase": "functx-functx-right-trim-all",
    "outcome": "false-positive",
    "expectedCode": null
  },
  {
    "testCase": "functx-functx-sequence-type-1",
    "outcome": "false-positive",
    "expectedCode": null
  },
  {
    "testCase": "functx-functx-sequence-type-2",
    "outcome": "false-positive",
    "expectedCode": null
  },
  {
    "testCase": "functx-functx-sequence-type-3",
    "outcome": "false-positive",
    "expectedCode": null
  },
  {
    "testCase": "functx-functx-sequence-type-4",
    "outcome": "false-positive",
    "expectedCode": null
  },
  {
    "testCase": "functx-functx-sequence-type-5",
    "outcome": "false-positive",
    "expectedCode": null
  },
  {
    "testCase": "functx-functx-sequence-type-6",
    "outcome": "false-positive",
    "expectedCode": null
  },
  {
    "testCase": "functx-functx-sequence-type-7",
    "outcome": "false-positive",
    "expectedCode": null
  },
  {
    "testCase": "functx-functx-sequence-type-8",
    "outcome": "false-positive",
    "expectedCode": null
  },
  {
    "testCase": "functx-functx-sequence-type-9",
    "outcome": "false-positive",
    "expectedCode": null
  },
  {
    "testCase": "functx-functx-sequence-type-10",
    "outcome": "false-positive",
    "expectedCode": null
  },
  {
    "testCase": "functx-functx-sequence-type-11",
    "outcome": "false-positive",
    "expectedCode": null
  },
  {
    "testCase": "functx-functx-sequence-type-all",
    "outcome": "false-positive",
    "expectedCode": null
  },
  {
    "testCase": "functx-functx-substring-after-last-match-1",
    "outcome": "false-positive",
    "expectedCode": null
  },
  {
    "testCase": "functx-functx-substring-after-last-match-2",
    "outcome": "false-positive",
    "expectedCode": null
  },
  {
    "testCase": "functx-functx-substring-after-last-match-3",
    "outcome": "false-positive",
    "expectedCode": null
  },
  {
    "testCase": "functx-functx-substring-after-last-match-all",
    "outcome": "false-positive",
    "expectedCode": null
  },
  {
    "testCase": "functx-functx-substring-after-last-1",
    "outcome": "false-positive",
    "expectedCode": null
  },
  {
    "testCase": "functx-functx-substring-after-last-2",
    "outcome": "false-positive",
    "expectedCode": null
  },
  {
    "testCase": "functx-functx-substring-after-last-3",
    "outcome": "false-positive",
    "expectedCode": null
  },
  {
    "testCase": "functx-functx-substring-after-last-all",
    "outcome": "false-positive",
    "expectedCode": null
  },
  {
    "testCase": "functx-functx-substring-after-match-1",
    "outcome": "false-positive",
    "expectedCode": null
  },
  {
    "testCase": "functx-functx-substring-after-match-2",
    "outcome": "false-positive",
    "expectedCode": null
  },
  {
    "testCase": "functx-functx-substring-after-match-3",
    "outcome": "false-positive",
    "expectedCode": null
  },
  {
    "testCase": "functx-functx-substring-after-match-all",
    "outcome": "false-positive",
    "expectedCode": null
  },
  {
    "testCase": "functx-functx-substring-before-last-match-1",
    "outcome": "false-positive",
    "expectedCode": null
  },
  {
    "testCase": "functx-functx-substring-before-last-match-2",
    "outcome": "false-positive",
    "expectedCode": null
  },
  {
    "testCase": "functx-functx-substring-before-last-match-3",
    "outcome": "false-positive",
    "expectedCode": null
  },
  {
    "testCase": "functx-functx-substring-before-last-match-all",
    "outcome": "false-positive",
    "expectedCode": null
  },
  {
    "testCase": "functx-functx-substring-before-last-1",
    "outcome": "false-positive",
    "expectedCode": null
  },
  {
    "testCase": "functx-functx-substring-before-last-2",
    "outcome": "false-positive",
    "expectedCode": null
  },
  {
    "testCase": "functx-functx-substring-before-last-3",
    "outcome": "false-positive",
    "expectedCode": null
  },
  {
    "testCase": "functx-functx-substring-before-last-all",
    "outcome": "false-positive",
    "expectedCode": null
  },
  {
    "testCase": "functx-functx-timezone-from-duration-1",
    "outcome": "false-positive",
    "expectedCode": null
  },
  {
    "testCase": "functx-functx-timezone-from-duration-2",
    "outcome": "false-positive",
    "expectedCode": null
  },
  {
    "testCase": "functx-functx-timezone-from-duration-3",
    "outcome": "false-positive",
    "expectedCode": null
  },
  {
    "testCase": "functx-functx-timezone-from-duration-all",
    "outcome": "false-positive",
    "expectedCode": null
  },
  {
    "testCase": "functx-functx-trim-1",
    "outcome": "false-positive",
    "expectedCode": null
  },
  {
    "testCase": "functx-functx-trim-2",
    "outcome": "false-positive",
    "expectedCode": null
  },
  {
    "testCase": "functx-functx-trim-3",
    "outcome": "false-positive",
    "expectedCode": null
  },
  {
    "testCase": "functx-functx-trim-all",
    "outcome": "false-positive",
    "expectedCode": null
  },
  {
    "testCase": "functx-functx-yyyyddmm-to-date-1",
    "outcome": "false-positive",
    "expectedCode": null
  },
  {
    "testCase": "functx-functx-yyyyddmm-to-date-2",
    "outcome": "false-positive",
    "expectedCode": null
  },
  {
    "testCase": "functx-functx-yyyyddmm-to-date-3",
    "outcome": "false-positive",
    "expectedCode": null
  },
  {
    "testCase": "functx-functx-yyyyddmm-to-date-all",
    "outcome": "false-positive",
    "expectedCode": null
  },
  {
    "testCase": "functx-functx-yyyymmdd-to-date-1",
    "outcome": "false-positive",
    "expectedCode": null
  },
  {
    "testCase": "functx-functx-yyyymmdd-to-date-2",
    "outcome": "false-positive",
    "expectedCode": null
  },
  {
    "testCase": "functx-functx-yyyymmdd-to-date-3",
    "outcome": "false-positive",
    "expectedCode": null
  },
  {
    "testCase": "functx-functx-yyyymmdd-to-date-all",
    "outcome": "false-positive",
    "expectedCode": null
  }
]