[
  {
    "testCase": "array-filter-013",
    "outcome": "parse-failed"
  },
  {
    "testCase": "array-filter-014",
    "outcome": "parse-failed"
  },
  {
    "testCase": "array-filter-015",
    "outcome": "parse-failed"
  },
  {
    "testCase": "array-filter-401",
    "outcome": "parse-failed"
  },
  {
    "testCase": "array-filter-404",
    "outcome": "parse-failed"
  }
]