[
  {
    "testCase": "collation-key-401",
    "outcome": "false-positive",
    "expectedCode": null
  },
  {
    "testCase": "collation-key-402",
    "outcome": "false-positive",
    "expectedCode": null
  },
  {
    "testCase": "collation-key-403",
    "outcome": "false-positive",
    "expectedCode": null
  }
]