[
  {
    "testCase": "for-each-015",
    "outcome": "false-positive",
    "expectedCode": null
  },
  {
    "testCase": "for-each-401",
    "outcome": "false-positive",
    "expectedCode": null
  },
  {
    "testCase": "for-each-402",
    "outcome": "false-positive",
    "expectedCode": null
  },
  {
    "testCase": "for-each-411",
    "outcome": "false-positive",
    "expectedCode": null
  }
]