[
  {
    "testCase": "format-date-en132",
    "outcome": "false-positive",
    "expectedCode": null
  },
  {
    "testCase": "format-date-en133",
    "outcome": "false-positive",
    "expectedCode": null
  },
  {
    "testCase": "format-date-en134",
    "outcome": "false-positive",
    "expectedCode": null
  }
]