[
  {
    "testCase": "fn-filter-026",
    "outcome": "false-positive",
    "expectedCode": null
  },
  {
    "testCase": "fn-filter-403",
    "outcome": "false-positive",
    "expectedCode": null
  },
  {
    "testCase": "fn-filter-404",
    "outcome": "false-positive",
    "expectedCode": null
  },
  {
    "testCase": "fn-filter-405",
    "outcome": "false-positive",
    "expectedCode": null
  },
  {
    "testCase": "fn-filter-406",
    "outcome": "false-positive",
    "expectedCode": null
  }
]