[
  {
    "testCase": "fn-for-each-pair-038",
    "outcome": "false-positive",
    "expectedCode": null
  },
  {
    "testCase": "fn-for-each-pair-404",
    "outcome": "false-positive",
    "expectedCode": null
  },
  {
    "testCase": "fn-for-each-pair-405",
    "outcome": "false-positive",
    "expectedCode": null
  }
]