[
  {
    "testCase": "numberformat127",
    "outcome": "false-negative",
    "expectedCode": "XPST0003"
  },
  {
    "testCase": "numberformat-40-87",
    "outcome": "false-positive",
    "expectedCode": null
  },
  {
    "testCase": "numberformat-40-88",
    "outcome": "false-positive",
    "expectedCode": null
  },
  {
    "testCase": "numberformat-500",
    "outcome": "false-positive",
    "expectedCode": null
  },
  {
    "testCase": "numberformat-501",
    "outcome": "false-positive",
    "expectedCode": null
  },
  {
    "testCase": "numberformat-502",
    "outcome": "false-positive",
    "expectedCode": null
  },
  {
    "testCase": "numberformat-503",
    "outcome": "false-positive",
    "expectedCode": null
  },
  {
    "testCase": "numberformat-504",
    "outcome": "false-positive",
    "expectedCode": null
  },
  {
    "testCase": "numberformat-506",
    "outcome": "false-positive",
    "expectedCode": null
  },
  {
    "testCase": "numberformat-507",
    "outcome": "false-positive",
    "expectedCode": null
  },
  {
    "testCase": "numberformat-508",
    "outcome": "false-positive",
    "expectedCode": null
  },
  {
    "testCase": "numberformat-509",
    "outcome": "false-positive",
    "expectedCode": null
  },
  {
    "testCase": "numberformat-510",
    "outcome": "false-positive",
    "expectedCode": null
  },
  {
    "testCase": "numberformat-550",
    "outcome": "false-positive",
    "expectedCode": null
  },
  {
    "testCase": "numberformat-551",
    "outcome": "false-positive",
    "expectedCode": null
  },
  {
    "testCase": "numberformat-552",
    "outcome": "false-positive",
    "expectedCode": null
  },
  {
    "testCase": "numberformat-554",
    "outcome": "false-positive",
    "expectedCode": null
  }
]