[
  {
    "testCase": "fn-filter-026",
    "outcome": "parse-failed"
  },
  {
    "testCase": "fn-filter-403",
    "outcome": "parse-failed"
  },
  {
    "testCase": "fn-filter-404",
    "outcome": "parse-failed"
  },
  {
    "testCase": "fn-filter-405",
    "outcome": "parse-failed"
  },
  {
    "testCase": "fn-filter-406",
    "outcome": "parse-failed"
  }
]