[
  {
    "testCase": "generate-id-007",
    "outcome": "parse-failed"
  },
  {
    "testCase": "generate-id-011",
    "outcome": "parse-failed"
  },
  {
    "testCase": "generate-id-014",
    "outcome": "parse-failed"
  },
  {
    "testCase": "generate-id-015",
    "outcome": "parse-failed"
  },
  {
    "testCase": "generate-id-016",
    "outcome": "parse-failed"
  },
  {
    "testCase": "generate-id-017",
    "outcome": "parse-failed"
  }
]