[
  {
    "testCase": "generate-id-007",
    "outcome": "false-positive",
    "expectedCode": null
  },
  {
    "testCase": "generate-id-010",
    "outcome": "false-positive",
    "expectedCode": null
  },
  {
    "testCase": "generate-id-011",
    "outcome": "false-positive",
    "expectedCode": null
  },
  {
    "testCase": "generate-id-012",
    "outcome": "false-positive",
    "expectedCode": null
  },
  {
    "testCase": "generate-id-013",
    "outcome": "false-positive",
    "expectedCode": null
  },
  {
    "testCase": "generate-id-014",
    "outcome": "false-positive",
    "expectedCode": null
  },
  {
    "testCase": "generate-id-015",
    "outcome": "false-positive",
    "expectedCode": null
  },
  {
    "testCase": "generate-id-016",
    "outcome": "false-positive",
    "expectedCode": null
  },
  {
    "testCase": "generate-id-017",
    "outcome": "false-positive",
    "expectedCode": null
  },
  {
    "testCase": "generate-id-019",
    "outcome": "false-positive",
    "expectedCode": null
  },
  {
    "testCase": "generate-id-020",
    "outcome": "false-positive",
    "expectedCode": null
  },
  {
    "testCase": "generate-id-021",
    "outcome": "false-positive",
    "expectedCode": null
  },
  {
    "testCase": "generate-id-022",
    "outcome": "false-positive",
    "expectedCode": null
  },
  {
    "testCase": "generate-id-023",
    "outcome": "false-positive",
    "expectedCode": null
  }
]