[
  {
    "testCase": "fn-id-4",
    "outcome": "false-positive",
    "expectedCode": null
  },
  {
    "testCase": "K2-SeqIDFunc-4",
    "outcome": "false-positive",
    "expectedCode": null
  },
  {
    "testCase": "K2-SeqIDFunc-5",
    "outcome": "false-positive",
    "expectedCode": null
  },
  {
    "testCase": "K2-SeqIDFunc-6",
    "outcome": "false-positive",
    "expectedCode": null
  },
  {
    "testCase": "K2-SeqIDFunc-7",
    "outcome": "false-positive",
    "expectedCode": null
  }
]