[
  {
    "testCase": "fn-innermost-017",
    "outcome": "parse-failed"
  },
  {
    "testCase": "fn-innermost-018",
    "outcome": "parse-failed"
  },
  {
    "testCase": "fn-innermost-019",
    "outcome": "parse-failed"
  },
  {
    "testCase": "fn-innermost-020",
    "outcome": "parse-failed"
  },
  {
    "testCase": "fn-innermost-021",
    "outcome": "parse-failed"
  },
  {
    "testCase": "fn-innermost-022",
    "outcome": "parse-failed"
  }
]