[
  {
    "testCase": "K-SeqInsertBeforeFunc-17",
    "outcome": "parse-failed"
  },
  {
    "testCase": "K-SeqInsertBeforeFunc-18",
    "outcome": "parse-failed"
  },
  {
    "testCase": "K-SeqInsertBeforeFunc-19",
    "outcome": "parse-failed"
  },
  {
    "testCase": "K-SeqInsertBeforeFunc-20",
    "outcome": "parse-failed"
  },
  {
    "testCase": "K-SeqInsertBeforeFunc-21",
    "outcome": "parse-failed"
  }
]