[
  {
    "testCase": "fn-json-to-xml-731",
    "outcome": "false-positive",
    "expectedCode": null
  },
  {
    "testCase": "fn-json-to-xml-733",
    "outcome": "false-positive",
    "expectedCode": null
  },
  {
    "testCase": "fn-json-to-xml-734",
    "outcome": "false-positive",
    "expectedCode": null
  },
  {
    "testCase": "fn-json-to-xml-737",
    "outcome": "false-positive",
    "expectedCode": null
  },
  {
    "testCase": "fn-json-to-xml-738",
    "outcome": "false-positive",
    "expectedCode": null
  }
]