[
  {
    "testCase": "fn-load-xquery-module-023a",
    "outcome": "parse-failed"
  },
  {
    "testCase": "fn-load-xquery-module-401",
    "outcome": "parse-failed"
  },
  {
    "testCase": "fn-load-xquery-module-402",
    "outcome": "parse-failed"
  },
  {
    "testCase": "fn-load-xquery-module-403",
    "outcome": "parse-failed"
  }
]