[
  {
    "testCase": "last-1",
    "outcome": "false-positive",
    "expectedCode": null
  },
  {
    "testCase": "last-2",
    "outcome": "false-positive",
    "expectedCode": null
  },
  {
    "testCase": "last-3",
    "outcome": "false-positive",
    "expectedCode": null
  },
  {
    "testCase": "last-4",
    "outcome": "false-positive",
    "expectedCode": null
  },
  {
    "testCase": "last-5",
    "outcome": "false-positive",
    "expectedCode": null
  },
  {
    "testCase": "last-6",
    "outcome": "false-positive",
    "expectedCode": null
  },
  {
    "testCase": "last-7",
    "outcome": "false-positive",
    "expectedCode": null
  },
  {
    "testCase": "last-8",
    "outcome": "false-positive",
    "expectedCode": null
  },
  {
    "testCase": "last-9",
    "outcome": "false-positive",
    "expectedCode": null
  },
  {
    "testCase": "last-10",
    "outcome": "false-positive",
    "expectedCode": null
  },
  {
    "testCase": "last-23",
    "outcome": "false-positive",
    "expectedCode": null
  },
  {
    "testCase": "last-24",
    "outcome": "false-positive",
    "expectedCode": null
  },
  {
    "testCase": "last-25",
    "outcome": "false-positive",
    "expectedCode": null
  },
  {
    "testCase": "last-26",
    "outcome": "false-positive",
    "expectedCode": null
  },
  {
    "testCase": "last-27",
    "outcome": "false-positive",
    "expectedCode": null
  },
  {
    "testCase": "last-28",
    "outcome": "false-positive",
    "expectedCode": null
  },
  {
    "testCase": "K-ContextLastFunc-1",
    "outcome": "false-positive",
    "expectedCode": null
  },
  {
    "testCase": "K-ContextLastFunc-2",
    "outcome": "false-positive",
    "expectedCode": null
  },
  {
    "testCase": "K-ContextLastFunc-3",
    "outcome": "false-positive",
    "expectedCode": null
  },
  {
    "testCase": "K-ContextLastFunc-4",
    "outcome": "false-positive",
    "expectedCode": null
  },
  {
    "testCase": "K-ContextLastFunc-5",
    "outcome": "false-positive",
    "expectedCode": null
  },
  {
    "testCase": "K-ContextLastFunc-6",
    "outcome": "false-positive",
    "expectedCode": null
  },
  {
    "testCase": "K-ContextLastFunc-11",
    "outcome": "false-positive",
    "expectedCode": null
  },
  {
    "testCase": "K-ContextLastFunc-12",
    "outcome": "false-positive",
    "expectedCode": null
  },
  {
    "testCase": "K-ContextLastFunc-13",
    "outcome": "false-positive",
    "expectedCode": null
  },
  {
    "testCase": "K-ContextLastFunc-14",
    "outcome": "false-positive",
    "expectedCode": null
  },
  {
    "testCase": "K-ContextLastFunc-19",
    "outcome": "false-positive",
    "expectedCode": null
  },
  {
    "testCase": "K-ContextLastFunc-20",
    "outcome": "false-positive",
    "expectedCode": null
  },
  {
    "testCase": "K-ContextLastFunc-21",
    "outcome": "false-positive",
    "expectedCode": null
  },
  {
    "testCase": "K-ContextLastFunc-22",
    "outcome": "false-positive",
    "expectedCode": null
  },
  {
    "testCase": "K-ContextLastFunc-23",
    "outcome": "false-positive",
    "expectedCode": null
  },
  {
    "testCase": "K-ContextLastFunc-24",
    "outcome": "false-positive",
    "expectedCode": null
  },
  {
    "testCase": "K-ContextLastFunc-25",
    "outcome": "false-positive",
    "expectedCode": null
  },
  {
    "testCase": "K-ContextLastFunc-26",
    "outcome": "false-positive",
    "expectedCode": null
  },
  {
    "testCase": "K-ContextLastFunc-27",
    "outcome": "false-positive",
    "expectedCode": null
  },
  {
    "testCase": "K-ContextLastFunc-28",
    "outcome": "false-positive",
    "expectedCode": null
  },
  {
    "testCase": "K-ContextLastFunc-29",
    "outcome": "false-positive",
    "expectedCode": null
  },
  {
    "testCase": "cbcl-last-in-sequence-001",
    "outcome": "false-positive",
    "expectedCode": null
  },
  {
    "testCase": "cbcl-last-in-sequence-002",
    "outcome": "false-positive",
    "expectedCode": null
  },
  {
    "testCase": "cbcl-last-in-sequence-003",
    "outcome": "false-positive",
    "expectedCode": null
  },
  {
    "testCase": "cbcl-last-in-sequence-004",
    "outcome": "false-positive",
    "expectedCode": null
  },
  {
    "testCase": "cbcl-last-in-sequence-005",
    "outcome": "false-positive",
    "expectedCode": null
  },
  {
    "testCase": "cbcl-last-in-sequence-006",
    "outcome": "false-positive",
    "expectedCode": null
  },
  {
    "testCase": "cbcl-last-in-sequence-007",
    "outcome": "false-positive",
    "expectedCode": null
  },
  {
    "testCase": "cbcl-last-in-sequence-008",
    "outcome": "false-positive",
    "expectedCode": null
  },
  {
    "testCase": "cbcl-last-in-sequence-009",
    "outcome": "false-positive",
    "expectedCode": null
  },
  {
    "testCase": "cbcl-last-in-sequence-010",
    "outcome": "false-positive",
    "expectedCode": null
  },
  {
    "testCase": "cbcl-last-in-sequence-011",
    "outcome": "false-positive",
    "expectedCode": null
  },
  {
    "testCase": "cbcl-last-in-sequence-012",
    "outcome": "false-positive",
    "expectedCode": null
  }
]