[
  {
    "testCase": "fn-normalize-unicode-11",
    "outcome": "false-positive",
    "expectedCode": null
  },
  {
    "testCase": "fn-normalize-unicode-11-6-0",
    "outcome": "false-positive",
    "expectedCode": null
  },
  {
    "testCase": "fn-normalize-unicode-11-6-2",
    "outcome": "false-positive",
    "expectedCode": null
  }
]