[
  {
    "testCase": "fn-outermost-017",
    "outcome": "parse-failed"
  },
  {
    "testCase": "fn-outermost-018",
    "outcome": "parse-failed"
  },
  {
    "testCase": "fn-outermost-019",
    "outcome": "parse-failed"
  },
  {
    "testCase": "fn-outermost-020",
    "outcome": "parse-failed"
  },
  {
    "testCase": "fn-outermost-021",
    "outcome": "parse-failed"
  },
  {
    "testCase": "fn-outermost-022",
    "outcome": "parse-failed"
  }
]