[
  {
    "testCase": "parse-xml-008a",
    "outcome": "false-positive",
    "expectedCode": null
  },
  {
    "testCase": "parse-xml-008b",
    "outcome": "false-positive",
    "expectedCode": null
  },
  {
    "testCase": "parse-xml-009a",
    "outcome": "false-positive",
    "expectedCode": null
  },
  {
    "testCase": "parse-xml-010a",
    "outcome": "false-positive",
    "expectedCode": null
  },
  {
    "testCase": "parse-xml-010b",
    "outcome": "false-positive",
    "expectedCode": null
  },
  {
    "testCase": "parse-xml-401",
    "outcome": "false-positive",
    "expectedCode": null
  },
  {
    "testCase": "parse-xml-402",
    "outcome": "false-positive",
    "expectedCode": null
  },
  {
    "testCase": "parse-xml-410",
    "outcome": "false-positive",
    "expectedCode": null
  },
  {
    "testCase": "parse-xml-411",
    "outcome": "false-positive",
    "expectedCode": null
  },
  {
    "testCase": "parse-xml-412",
    "outcome": "false-positive",
    "expectedCode": null
  },
  {
    "testCase": "parse-xml-413",
    "outcome": "false-positive",
    "expectedCode": null
  },
  {
    "testCase": "parse-xml-414",
    "outcome": "false-positive",
    "expectedCode": null
  },
  {
    "testCase": "parse-xml-415",
    "outcome": "false-positive",
    "expectedCode": null
  },
  {
    "testCase": "parse-xml-420",
    "outcome": "false-positive",
    "expectedCode": null
  },
  {
    "testCase": "parse-xml-421",
    "outcome": "false-positive",
    "expectedCode": null
  },
  {
    "testCase": "parse-xml-422",
    "outcome": "false-positive",
    "expectedCode": null
  },
  {
    "testCase": "parse-xml-454",
    "outcome": "false-positive",
    "expectedCode": null
  },
  {
    "testCase": "parse-xml-471",
    "outcome": "false-positive",
    "expectedCode": null
  }
]