[
  {
    "testCase": "path011",
    "outcome": "parse-failed"
  },
  {
    "testCase": "path012",
    "outcome": "parse-failed"
  },
  {
    "testCase": "path013",
    "outcome": "parse-failed"
  },
  {
    "testCase": "path014",
    "outcome": "parse-failed"
  },
  {
    "testCase": "path103",
    "outcome": "parse-failed"
  },
  {
    "testCase": "path111",
    "outcome": "parse-failed"
  },
  {
    "testCase": "path112",
    "outcome": "parse-failed"
  }
]