[
  {
    "testCase": "fn-parse-json-731",
    "outcome": "parse-failed"
  },
  {
    "testCase": "fn-parse-json-733",
    "outcome": "parse-failed"
  },
  {
    "testCase": "fn-parse-json-734",
    "outcome": "parse-failed"
  },
  {
    "testCase": "fn-parse-json-737",
    "outcome": "parse-failed"
  },
  {
    "testCase": "fn-parse-json-738",
    "outcome": "parse-failed"
  },
  {
    "testCase": "fn-parse-json-762",
    "outcome": "parse-failed"
  },
  {
    "testCase": "fn-parse-json-763",
    "outcome": "parse-failed"
  }
]