[
  {
    "testCase": "parse-xml-fragment-401",
    "outcome": "false-positive",
    "expectedCode": null
  },
  {
    "testCase": "parse-xml-fragment-402",
    "outcome": "false-positive",
    "expectedCode": null
  },
  {
    "testCase": "parse-xml-fragment-420",
    "outcome": "false-positive",
    "expectedCode": null
  },
  {
    "testCase": "parse-xml-fragment-421",
    "outcome": "false-positive",
    "expectedCode": null
  },
  {
    "testCase": "parse-xml-fragment-422",
    "outcome": "false-positive",
    "expectedCode": null
  },
  {
    "testCase": "parse-xml-fragment-502",
    "outcome": "false-positive",
    "expectedCode": null
  }
]