[
  {
    "testCase": "path011",
    "outcome": "false-positive",
    "expectedCode": null
  },
  {
    "testCase": "path012",
    "outcome": "false-positive",
    "expectedCode": null
  },
  {
    "testCase": "path013",
    "outcome": "false-positive",
    "expectedCode": null
  },
  {
    "testCase": "path014",
    "outcome": "false-positive",
    "expectedCode": null
  },
  {
    "testCase": "path103",
    "outcome": "false-positive",
    "expectedCode": null
  },
  {
    "testCase": "path111",
    "outcome": "false-positive",
    "expectedCode": null
  },
  {
    "testCase": "path112",
    "outcome": "false-positive",
    "expectedCode": null
  }
]