[
  {
    "testCase": "K-SeqRemoveFunc-21",
    "outcome": "false-positive",
    "expectedCode": null
  },
  {
    "testCase": "K-SeqRemoveFunc-22",
    "outcome": "false-positive",
    "expectedCode": null
  },
  {
    "testCase": "K-SeqRemoveFunc-23",
    "outcome": "false-positive",
    "expectedCode": null
  },
  {
    "testCase": "K-SeqRemoveFunc-24",
    "outcome": "false-positive",
    "expectedCode": null
  }
]