[
  {
    "testCase": "fn-replace-1",
    "outcome": "parse-failed"
  },
  {
    "testCase": "fn-replace-2",
    "outcome": "parse-failed"
  },
  {
    "testCase": "fn-replace-3",
    "outcome": "parse-failed"
  },
  {
    "testCase": "fn-replace-4",
    "outcome": "parse-failed"
  },
  {
    "testCase": "fn-replace-5",
    "outcome": "parse-failed"
  },
  {
    "testCase": "fn-replace-6",
    "outcome": "parse-failed"
  },
  {
    "testCase": "fn-replace-7",
    "outcome": "parse-failed"
  },
  {
    "testCase": "fn-replace-8",
    "outcome": "parse-failed"
  },
  {
    "testCase": "fn-replace-9",
    "outcome": "parse-failed"
  },
  {
    "testCase": "fn-replace-12",
    "outcome": "parse-failed"
  },
  {
    "testCase": "fn-replace-45",
    "outcome": "parse-failed"
  },
  {
    "testCase": "fn-replace-46",
    "outcome": "parse-failed"
  },
  {
    "testCase": "fn-replace-47",
    "outcome": "parse-failed"
  },
  {
    "testCase": "fn-replace-48",
    "outcome": "parse-failed"
  },
  {
    "testCase": "fn-replace-55",
    "outcome": "parse-failed"
  },
  {
    "testCase": "fn-replace-56",
    "outcome": "parse-failed"
  },
  {
    "testCase": "fn-replace-57",
    "outcome": "parse-failed"
  },
  {
    "testCase": "fn-replace-58",
    "outcome": "parse-failed"
  },
  {
    "testCase": "K-ReplaceFunc-1",
    "outcome": "parse-failed"
  },
  {
    "testCase": "K-ReplaceFunc-2",
    "outcome": "parse-failed"
  },
  {
    "testCase": "K-ReplaceFunc-3",
    "outcome": "parse-failed"
  },
  {
    "testCase": "K-ReplaceFunc-4",
    "outcome": "parse-failed"
  },
  {
    "testCase": "K-ReplaceFunc-5",
    "outcome": "parse-failed"
  },
  {
    "testCase": "K-ReplaceFunc-6",
    "outcome": "parse-failed"
  },
  {
    "testCase": "K-ReplaceFunc-7",
    "outcome": "parse-failed"
  },
  {
    "testCase": "K-ReplaceFunc-8",
    "outcome": "parse-failed"
  },
  {
    "testCase": "K-ReplaceFunc-9",
    "outcome": "parse-failed"
  },
  {
    "testCase": "K2-ReplaceFunc-1",
    "outcome": "parse-failed"
  },
  {
    "testCase": "K2-ReplaceFunc-2",
    "outcome": "parse-failed"
  },
  {
    "testCase": "K2-ReplaceFunc-3",
    "outcome": "parse-failed"
  },
  {
    "testCase": "K2-ReplaceFunc-4",
    "outcome": "parse-failed"
  },
  {
    "testCase": "K2-ReplaceFunc-5",
    "outcome": "parse-failed"
  },
  {
    "testCase": "K2-ReplaceFunc-6",
    "outcome": "parse-failed"
  },
  {
    "testCase": "K2-ReplaceFunc-7",
    "outcome": "parse-failed"
  },
  {
    "testCase": "cbcl-fn-replace-001",
    "outcome": "parse-failed"
  },
  {
    "testCase": "cbcl-fn-replace-002",
    "outcome": "parse-failed"
  },
  {
    "testCase": "cbcl-fn-replace-003",
    "outcome": "parse-failed"
  },
  {
    "testCase": "cbcl-fn-replace-004",
    "outcome": "parse-failed"
  },
  {
    "testCase": "cbcl-fn-replace-005",
    "outcome": "parse-failed"
  },
  {
    "testCase": "fn-replace-306",
    "outcome": "parse-failed"
  },
  {
    "testCase": "fn-replace-307",
    "outcome": "parse-failed"
  },
  {
    "testCase": "fn-replace-308",
    "outcome": "parse-failed"
  }
]