[
  {
    "testCase": "K-SeqReverseFunc-16",
    "outcome": "parse-failed"
  },
  {
    "testCase": "K-SeqReverseFunc-17",
    "outcome": "parse-failed"
  },
  {
    "testCase": "K-SeqReverseFunc-18",
    "outcome": "parse-failed"
  },
  {
    "testCase": "K-SeqReverseFunc-20",
    "outcome": "parse-failed"
  },
  {
    "testCase": "K-SeqReverseFunc-21",
    "outcome": "parse-failed"
  }
]