[
  {
    "testCase": "fn-replace-1",
    "outcome": "parse-failed"
  },
  {
    "testCase": "fn-replace-2",
    "outcome": "parse-failed"
  },
  {
    "testCase": "fn-replace-3",
    "outcome": "parse-failed"
  },
  {
    "testCase": "fn-replace-4",
    "outcome": "parse-failed"
  },
  {
    "testCase": "fn-replace-5",
    "outcome": "parse-failed"
  },
  {
    "testCase": "fn-replace-6",
    "outcome": "parse-failed"
  },
  {
    "testCase": "fn-replace-6a",
    "outcome": "parse-failed"
  },
  {
    "testCase": "fn-replace-7",
    "outcome": "parse-failed"
  },
  {
    "testCase": "fn-replace-8",
    "outcome": "parse-failed"
  },
  {
    "testCase": "fn-replace-9",
    "outcome": "parse-failed"
  },
  {
    "testCase": "fn-replace-12",
    "outcome": "parse-failed"
  },
  {
    "testCase": "fn-replace-45",
    "outcome": "parse-failed"
  },
  {
    "testCase": "fn-replace-46",
    "outcome": "parse-failed"
  },
  {
    "testCase": "fn-replace-47",
    "outcome": "parse-failed"
  },
  {
    "testCase": "fn-replace-48",
    "outcome": "parse-failed"
  },
  {
    "testCase": "fn-replace-55",
    "outcome": "parse-failed"
  },
  {
    "testCase": "fn-replace-56",
    "outcome": "parse-failed"
  },
  {
    "testCase": "fn-replace-57",
    "outcome": "parse-failed"
  },
  {
    "testCase": "fn-replace-58",
    "outcome": "parse-failed"
  },
  {
    "testCase": "K-ReplaceFunc-1",
    "outcome": "parse-failed"
  },
  {
    "testCase": "K-ReplaceFunc-2",
    "outcome": "parse-failed"
  },
  {
    "testCase": "K-ReplaceFunc-3",
    "outcome": "parse-failed"
  },
  {
    "testCase": "K-ReplaceFunc-4",
    "outcome": "parse-failed"
  },
  {
    "testCase": "K-ReplaceFunc-5",
    "outcome": "parse-failed"
  },
  {
    "testCase": "K-ReplaceFunc-6",
    "outcome": "parse-failed"
  },
  {
    "testCase": "K-ReplaceFunc-7",
    "outcome": "parse-failed"
  },
  {
    "testCase": "K-ReplaceFunc-8",
    "outcome": "parse-failed"
  },
  {
    "testCase": "K-ReplaceFunc-9",
    "outcome": "parse-failed"
  },
  {
    "testCase": "K2-ReplaceFunc-1",
    "outcome": "parse-failed"
  },
  {
    "testCase": "K2-ReplaceFunc-2",
    "outcome": "parse-failed"
  },
  {
    "testCase": "K2-ReplaceFunc-3",
    "outcome": "parse-failed"
  },
  {
    "testCase": "K2-ReplaceFunc-4",
    "outcome": "parse-failed"
  },
  {
    "testCase": "K2-ReplaceFunc-5",
    "outcome": "parse-failed"
  },
  {
    "testCase": "K2-ReplaceFunc-6",
    "outcome": "parse-failed"
  },
  {
    "testCase": "K2-ReplaceFunc-7",
    "outcome": "parse-failed"
  },
  {
    "testCase": "cbcl-fn-replace-001",
    "outcome": "parse-failed"
  },
  {
    "testCase": "cbcl-fn-replace-002",
    "outcome": "parse-failed"
  },
  {
    "testCase": "cbcl-fn-replace-002a",
    "outcome": "parse-failed"
  },
  {
    "testCase": "cbcl-fn-replace-003",
    "outcome": "parse-failed"
  },
  {
    "testCase": "cbcl-fn-replace-003a",
    "outcome": "parse-failed"
  },
  {
    "testCase": "cbcl-fn-replace-004",
    "outcome": "parse-failed"
  },
  {
    "testCase": "cbcl-fn-replace-004a",
    "outcome": "parse-failed"
  },
  {
    "testCase": "cbcl-fn-replace-005",
    "outcome": "parse-failed"
  },
  {
    "testCase": "cbcl-fn-replace-005a",
    "outcome": "parse-failed"
  },
  {
    "testCase": "fn-replace-110",
    "outcome": "parse-failed"
  },
  {
    "testCase": "fn-replace-113",
    "outcome": "parse-failed"
  },
  {
    "testCase": "fn-replace-116",
    "outcome": "parse-failed"
  },
  {
    "testCase": "fn-replace-201",
    "outcome": "parse-failed"
  },
  {
    "testCase": "fn-replace-202",
    "outcome": "parse-failed"
  },
  {
    "testCase": "fn-replace-203",
    "outcome": "parse-failed"
  },
  {
    "testCase": "fn-replace-204",
    "outcome": "parse-failed"
  },
  {
    "testCase": "fn-replace-205",
    "outcome": "parse-failed"
  },
  {
    "testCase": "fn-replace-207",
    "outcome": "parse-failed"
  },
  {
    "testCase": "fn-replace-208",
    "outcome": "parse-failed"
  },
  {
    "testCase": "fn-replace-211",
    "outcome": "parse-failed"
  },
  {
    "testCase": "fn-replace-212",
    "outcome": "parse-failed"
  },
  {
    "testCase": "fn-replace-213",
    "outcome": "parse-failed"
  },
  {
    "testCase": "fn-replace-214",
    "outcome": "parse-failed"
  },
  {
    "testCase": "fn-replace-215",
    "outcome": "parse-failed"
  },
  {
    "testCase": "fn-replace-216",
    "outcome": "parse-failed"
  },
  {
    "testCase": "fn-replace-217",
    "outcome": "parse-failed"
  },
  {
    "testCase": "fn-replace-218",
    "outcome": "parse-failed"
  },
  {
    "testCase": "fn-replace-219",
    "outcome": "parse-failed"
  },
  {
    "testCase": "fn-replace-220",
    "outcome": "parse-failed"
  },
  {
    "testCase": "fn-replace-221",
    "outcome": "parse-failed"
  },
  {
    "testCase": "fn-replace-222",
    "outcome": "parse-failed"
  },
  {
    "testCase": "fn-replace-223",
    "outcome": "parse-failed"
  },
  {
    "testCase": "fn-replace-224",
    "outcome": "parse-failed"
  },
  {
    "testCase": "fn-replace-225",
    "outcome": "parse-failed"
  },
  {
    "testCase": "fn-replace-226",
    "outcome": "parse-failed"
  },
  {
    "testCase": "fn-replace-227",
    "outcome": "parse-failed"
  },
  {
    "testCase": "fn-replace-228",
    "outcome": "parse-failed"
  },
  {
    "testCase": "fn-replace-229",
    "outcome": "parse-failed"
  },
  {
    "testCase": "fn-replace-230",
    "outcome": "parse-failed"
  },
  {
    "testCase": "fn-replace-231",
    "outcome": "parse-failed"
  },
  {
    "testCase": "fn-replace-232",
    "outcome": "parse-failed"
  },
  {
    "testCase": "fn-replace-233",
    "outcome": "parse-failed"
  },
  {
    "testCase": "fn-replace-234",
    "outcome": "parse-failed"
  },
  {
    "testCase": "fn-replace-235",
    "outcome": "parse-failed"
  },
  {
    "testCase": "fn-replace-243",
    "outcome": "parse-failed"
  },
  {
    "testCase": "fn-replace-244",
    "outcome": "parse-failed"
  },
  {
    "testCase": "fn-replace-245",
    "outcome": "parse-failed"
  },
  {
    "testCase": "fn-replace-249",
    "outcome": "parse-failed"
  },
  {
    "testCase": "fn-replace-250",
    "outcome": "parse-failed"
  },
  {
    "testCase": "fn-replace-251",
    "outcome": "parse-failed"
  },
  {
    "testCase": "fn-replace-252",
    "outcome": "parse-failed"
  },
  {
    "testCase": "fn-replace-253",
    "outcome": "parse-failed"
  },
  {
    "testCase": "fn-replace-256",
    "outcome": "parse-failed"
  },
  {
    "testCase": "fn-replace-270",
    "outcome": "parse-failed"
  },
  {
    "testCase": "fn-replace-271",
    "outcome": "parse-failed"
  },
  {
    "testCase": "fn-replace-300",
    "outcome": "parse-failed"
  },
  {
    "testCase": "fn-replace-301",
    "outcome": "parse-failed"
  },
  {
    "testCase": "fn-replace-302",
    "outcome": "parse-failed"
  },
  {
    "testCase": "fn-replace-303",
    "outcome": "parse-failed"
  },
  {
    "testCase": "fn-replace-304",
    "outcome": "parse-failed"
  },
  {
    "testCase": "fn-replace-305",
    "outcome": "parse-failed"
  },
  {
    "testCase": "fn-replace-306",
    "outcome": "parse-failed"
  },
  {
    "testCase": "fn-replace-307",
    "outcome": "parse-failed"
  },
  {
    "testCase": "fn-replace-308",
    "outcome": "parse-failed"
  },
  {
    "testCase": "fn-replace-309",
    "outcome": "parse-failed"
  },
  {
    "testCase": "fn-replace-310",
    "outcome": "parse-failed"
  },
  {
    "testCase": "fn-replace-311",
    "outcome": "parse-failed"
  },
  {
    "testCase": "fn-replace-312",
    "outcome": "parse-failed"
  },
  {
    "testCase": "fn-replace-313",
    "outcome": "parse-failed"
  },
  {
    "testCase": "fn-replace-314",
    "outcome": "parse-failed"
  },
  {
    "testCase": "fn-replace-315",
    "outcome": "parse-failed"
  },
  {
    "testCase": "fn-replace-316",
    "outcome": "parse-failed"
  },
  {
    "testCase": "fn-replace-317",
    "outcome": "parse-failed"
  },
  {
    "testCase": "fn-replace-318",
    "outcome": "parse-failed"
  }
]