[
  {
    "testCase": "K-StringToCodepointFunc-14",
    "outcome": "parse-failed"
  },
  {
    "testCase": "K-StringToCodepointFunc-15",
    "outcome": "parse-failed"
  },
  {
    "testCase": "K-StringToCodepointFunc-16",
    "outcome": "parse-failed"
  },
  {
    "testCase": "K-StringToCodepointFunc-17",
    "outcome": "parse-failed"
  },
  {
    "testCase": "K-StringToCodepointFunc-18",
    "outcome": "parse-failed"
  },
  {
    "testCase": "K-StringToCodepointFunc-19",
    "outcome": "parse-failed"
  },
  {
    "testCase": "K-StringToCodepointFunc-20",
    "outcome": "parse-failed"
  },
  {
    "testCase": "K-StringToCodepointFunc-21",
    "outcome": "parse-failed"
  }
]