[
  {
    "testCase": "serialize-xml-012",
    "outcome": "false-positive",
    "expectedCode": null
  },
  {
    "testCase": "serialize-xml-143",
    "outcome": "false-positive",
    "expectedCode": null
  },
  {
    "testCase": "serialize-xml-144",
    "outcome": "false-positive",
    "expectedCode": null
  },
  {
    "testCase": "serialize-xml-145",
    "outcome": "false-positive",
    "expectedCode": null
  },
  {
    "testCase": "serialize-xml-146",
    "outcome": "false-positive",
    "expectedCode": null
  },
  {
    "testCase": "serialize-xml-147",
    "outcome": "false-positive",
    "expectedCode": null
  }
]