[
  {
    "testCase": "subsequence-after-007",
    "outcome": "parse-failed"
  },
  {
    "testCase": "subsequence-before-007",
    "outcome": "parse-failed"
  },
  {
    "testCase": "subsequence-starting-where-007",
    "outcome": "parse-failed"
  },
  {
    "testCase": "subsequence-ending-where-007",
    "outcome": "parse-failed"
  }
]