[
  {
    "testCase": "fn-sort-by-spec-6",
    "outcome": "parse-failed"
  },
  {
    "testCase": "fn-sort-by-collation-2",
    "outcome": "parse-failed"
  },
  {
    "testCase": "fn-sort-by-collation-3",
    "outcome": "parse-failed"
  },
  {
    "testCase": "fn-sort-by-collation-4",
    "outcome": "parse-failed"
  },
  {
    "testCase": "fn-sort-by-collation-5",
    "outcome": "parse-failed"
  },
  {
    "testCase": "fn-sort-by-collation-6",
    "outcome": "parse-failed"
  },
  {
    "testCase": "fn-sort-by-collation-7",
    "outcome": "parse-failed"
  },
  {
    "testCase": "fn-sort-by-collation-8",
    "outcome": "parse-failed"
  }
]