[
  {
    "testCase": "trans-closure-003a",
    "outcome": "false-positive",
    "expectedCode": null
  },
  {
    "testCase": "trans-closure-004a",
    "outcome": "false-positive",
    "expectedCode": null
  },
  {
    "testCase": "trans-closure-025",
    "outcome": "false-positive",
    "expectedCode": null
  }
]