[
  {
    "testCase": "K2-TokenizeFunc-1",
    "outcome": "parse-failed"
  },
  {
    "testCase": "K2-TokenizeFunc-2",
    "outcome": "parse-failed"
  },
  {
    "testCase": "K2-TokenizeFunc-3",
    "outcome": "parse-failed"
  },
  {
    "testCase": "K2-TokenizeFunc-4",
    "outcome": "parse-failed"
  },
  {
    "testCase": "K2-TokenizeFunc-6",
    "outcome": "parse-failed"
  }
]