[
  {
    "testCase": "fn-unparsed-text-040a",
    "outcome": "parse-failed"
  },
  {
    "testCase": "fn-unparsed-text-040b",
    "outcome": "parse-failed"
  },
  {
    "testCase": "fn-unparsed-text-049a",
    "outcome": "parse-failed"
  },
  {
    "testCase": "fn-unparsed-text-050a",
    "outcome": "parse-failed"
  },
  {
    "testCase": "fn-unparsed-text-051a",
    "outcome": "parse-failed"
  },
  {
    "testCase": "fn-unparsed-text-052a",
    "outcome": "parse-failed"
  },
  {
    "testCase": "fn-unparsed-text-40-011",
    "outcome": "parse-failed"
  },
  {
    "testCase": "fn-unparsed-text-40-012",
    "outcome": "parse-failed"
  },
  {
    "testCase": "fn-unparsed-text-40-013",
    "outcome": "parse-failed"
  },
  {
    "testCase": "fn-unparsed-text-40-014",
    "outcome": "parse-failed"
  },
  {
    "testCase": "fn-unparsed-text-bom-003",
    "outcome": "parse-failed"
  },
  {
    "testCase": "fn-unparsed-text-bom-004",
    "outcome": "parse-failed"
  },
  {
    "testCase": "fn-unparsed-text-bom-005",
    "outcome": "parse-failed"
  }
]