[
  {
    "testCase": "fn-unparsed-text-available-40-011",
    "outcome": "parse-failed"
  },
  {
    "testCase": "fn-unparsed-text-available-40-012",
    "outcome": "parse-failed"
  },
  {
    "testCase": "fn-unparsed-text-available-40-013",
    "outcome": "parse-failed"
  },
  {
    "testCase": "fn-unparsed-text-available-40-014",
    "outcome": "parse-failed"
  }
]