[
  {
    "testCase": "fn-unordered-101",
    "outcome": "false-positive",
    "expectedCode": null
  },
  {
    "testCase": "fn-unordered-102",
    "outcome": "false-positive",
    "expectedCode": null
  },
  {
    "testCase": "fn-unordered-103",
    "outcome": "false-positive",
    "expectedCode": null
  }
]