[
  {
    "testCase": "ft-3.2-examples-q1",
    "outcome": "parse-failed"
  },
  {
    "testCase": "ft-3.2-examples-q2",
    "outcome": "parse-failed"
  },
  {
    "testCase": "ft-3.2-examples-q3",
    "outcome": "parse-failed"
  },
  {
    "testCase": "ft-3.2-examples-q4",
    "outcome": "parse-failed"
  },
  {
    "testCase": "ft-3.2-examples-q5",
    "outcome": "parse-failed"
  }
]