[
  {
    "testCase": "examples-363-1",
    "outcome": "parse-failed"
  },
  {
    "testCase": "examples-363-2",
    "outcome": "parse-failed"
  },
  {
    "testCase": "examples-363-3",
    "outcome": "parse-failed"
  },
  {
    "testCase": "examples-363-4",
    "outcome": "parse-failed"
  },
  {
    "testCase": "examples-363-5",
    "outcome": "parse-failed"
  }
]