[
  {
    "testCase": "FTPrimary-FTWords-noanyall-q1a",
    "outcome": "parse-failed"
  },
  {
    "testCase": "FTPrimary-FTWords-noanyall-q1b",
    "outcome": "parse-failed"
  },
  {
    "testCase": "FTPrimary-FTWords-noanyall-q1c",
    "outcome": "parse-failed"
  },
  {
    "testCase": "FTPrimary-FTWords-noanyall-q2a",
    "outcome": "parse-failed"
  },
  {
    "testCase": "FTPrimary-FTWords-noanyall-q2b",
    "outcome": "parse-failed"
  },
  {
    "testCase": "FTPrimary-FTWords-noanyall-q2c",
    "outcome": "parse-failed"
  },
  {
    "testCase": "FTPrimary-FTWords-noanyall-q3a",
    "outcome": "parse-failed"
  },
  {
    "testCase": "FTPrimary-FTWords-noanyall-q3b",
    "outcome": "parse-failed"
  },
  {
    "testCase": "FTPrimary-FTWords-noanyall-q4a",
    "outcome": "parse-failed"
  },
  {
    "testCase": "FTPrimary-FTWords-noanyall-q4b",
    "outcome": "parse-failed"
  },
  {
    "testCase": "FTPrimary-FTWords-noanyall-q4c",
    "outcome": "parse-failed"
  },
  {
    "testCase": "FTPrimary-FTWords-any-q1a",
    "outcome": "parse-failed"
  },
  {
    "testCase": "FTPrimary-FTWords-any-q1b",
    "outcome": "parse-failed"
  },
  {
    "testCase": "FTPrimary-FTWords-any-q1c",
    "outcome": "parse-failed"
  },
  {
    "testCase": "FTPrimary-FTWords-any-q2a",
    "outcome": "parse-failed"
  },
  {
    "testCase": "FTPrimary-FTWords-any-q2b",
    "outcome": "parse-failed"
  },
  {
    "testCase": "FTPrimary-FTWords-any-q2c",
    "outcome": "parse-failed"
  },
  {
    "testCase": "FTPrimary-FTWords-any-q3a",
    "outcome": "parse-failed"
  },
  {
    "testCase": "FTPrimary-FTWords-any-q3b",
    "outcome": "parse-failed"
  },
  {
    "testCase": "FTPrimary-FTWords-any-q4a",
    "outcome": "parse-failed"
  },
  {
    "testCase": "FTPrimary-FTWords-any-q4b",
    "outcome": "parse-failed"
  },
  {
    "testCase": "FTPrimary-FTWords-any-q4c",
    "outcome": "parse-failed"
  },
  {
    "testCase": "FTPrimary-FTWords-anyword-q1a",
    "outcome": "parse-failed"
  },
  {
    "testCase": "FTPrimary-FTWords-anyword-q1b",
    "outcome": "parse-failed"
  },
  {
    "testCase": "FTPrimary-FTWords-anyword-q1c",
    "outcome": "parse-failed"
  },
  {
    "testCase": "FTPrimary-FTWords-anyword-q2a",
    "outcome": "parse-failed"
  },
  {
    "testCase": "FTPrimary-FTWords-anyword-q2b",
    "outcome": "parse-failed"
  },
  {
    "testCase": "FTPrimary-FTWords-anyword-q2c",
    "outcome": "parse-failed"
  },
  {
    "testCase": "FTPrimary-FTWords-anyword-q3a",
    "outcome": "parse-failed"
  },
  {
    "testCase": "FTPrimary-FTWords-anyword-q3b",
    "outcome": "parse-failed"
  },
  {
    "testCase": "FTPrimary-FTWords-anyword-q4a",
    "outcome": "parse-failed"
  },
  {
    "testCase": "FTPrimary-FTWords-anyword-q4b",
    "outcome": "parse-failed"
  },
  {
    "testCase": "FTPrimary-FTWords-anyword-q4c",
    "outcome": "parse-failed"
  },
  {
    "testCase": "FTPrimary-FTWords-all-q1a",
    "outcome": "parse-failed"
  },
  {
    "testCase": "FTPrimary-FTWords-all-q1b",
    "outcome": "parse-failed"
  },
  {
    "testCase": "FTPrimary-FTWords-all-q1c",
    "outcome": "parse-failed"
  },
  {
    "testCase": "FTPrimary-FTWords-all-q2a",
    "outcome": "parse-failed"
  },
  {
    "testCase": "FTPrimary-FTWords-all-q2b",
    "outcome": "parse-failed"
  },
  {
    "testCase": "FTPrimary-FTWords-all-q2c",
    "outcome": "parse-failed"
  },
  {
    "testCase": "FTPrimary-FTWords-all-q3a",
    "outcome": "parse-failed"
  },
  {
    "testCase": "FTPrimary-FTWords-all-q3b",
    "outcome": "parse-failed"
  },
  {
    "testCase": "FTPrimary-FTWords-all-q4a",
    "outcome": "parse-failed"
  },
  {
    "testCase": "FTPrimary-FTWords-all-q4b",
    "outcome": "parse-failed"
  },
  {
    "testCase": "FTPrimary-FTWords-all-q4c",
    "outcome": "parse-failed"
  },
  {
    "testCase": "FTPrimary-FTWords-allwords-q1a",
    "outcome": "parse-failed"
  },
  {
    "testCase": "FTPrimary-FTWords-allwords-q1b",
    "outcome": "parse-failed"
  },
  {
    "testCase": "FTPrimary-FTWords-allwords-q1c",
    "outcome": "parse-failed"
  },
  {
    "testCase": "FTPrimary-FTWords-allwords-q2a",
    "outcome": "parse-failed"
  },
  {
    "testCase": "FTPrimary-FTWords-allwords-q2b",
    "outcome": "parse-failed"
  },
  {
    "testCase": "FTPrimary-FTWords-allwords-q2c",
    "outcome": "parse-failed"
  },
  {
    "testCase": "FTPrimary-FTWords-allwords-q3a",
    "outcome": "parse-failed"
  },
  {
    "testCase": "FTPrimary-FTWords-allwords-q3b",
    "outcome": "parse-failed"
  },
  {
    "testCase": "FTPrimary-FTWords-allwords-q4a",
    "outcome": "parse-failed"
  },
  {
    "testCase": "FTPrimary-FTWords-allwords-q4b",
    "outcome": "parse-failed"
  },
  {
    "testCase": "FTPrimary-FTWords-allwords-q4c",
    "outcome": "parse-failed"
  },
  {
    "testCase": "FTPrimary-FTWords-phrase-q1a",
    "outcome": "parse-failed"
  },
  {
    "testCase": "FTPrimary-FTWords-phrase-q1b",
    "outcome": "parse-failed"
  },
  {
    "testCase": "FTPrimary-FTWords-phrase-q1c",
    "outcome": "parse-failed"
  },
  {
    "testCase": "FTPrimary-FTWords-phrase-q2a",
    "outcome": "parse-failed"
  },
  {
    "testCase": "FTPrimary-FTWords-phrase-q2b",
    "outcome": "parse-failed"
  },
  {
    "testCase": "FTPrimary-FTWords-phrase-q2c",
    "outcome": "parse-failed"
  },
  {
    "testCase": "FTPrimary-FTWords-phrase-q3a",
    "outcome": "parse-failed"
  },
  {
    "testCase": "FTPrimary-FTWords-phrase-q3b",
    "outcome": "parse-failed"
  },
  {
    "testCase": "FTPrimary-FTWords-phrase-q4a",
    "outcome": "parse-failed"
  },
  {
    "testCase": "FTPrimary-FTWords-phrase-q4b",
    "outcome": "parse-failed"
  },
  {
    "testCase": "FTPrimary-FTWords-phrase-q4c",
    "outcome": "parse-failed"
  }
]