[
  {
    "testCase": "FTWindow-unconstrained-sentences1",
    "outcome": "parse-failed"
  },
  {
    "testCase": "FTWindow-unconstrained-sentences2",
    "outcome": "parse-failed"
  },
  {
    "testCase": "FTWindow-unconstrained-sentences3",
    "outcome": "parse-failed"
  },
  {
    "testCase": "FTWindow-unconstrained-paragraphs1",
    "outcome": "parse-failed"
  },
  {
    "testCase": "FTWindow-unconstrained-paragraphs2",
    "outcome": "parse-failed"
  },
  {
    "testCase": "FTWindow-unconstrained-paragraphs3",
    "outcome": "parse-failed"
  },
  {
    "testCase": "FTDistance-unconstrained-sentences1",
    "outcome": "parse-failed"
  },
  {
    "testCase": "FTDistance-unconstrained-sentences2",
    "outcome": "parse-failed"
  },
  {
    "testCase": "FTDistance-unconstrained-sentences3",
    "outcome": "parse-failed"
  },
  {
    "testCase": "FTDistance-unconstrained-sentences4",
    "outcome": "parse-failed"
  },
  {
    "testCase": "FTDistance-unconstrained-exprsentences1",
    "outcome": "parse-failed"
  },
  {
    "testCase": "FTDistance-unconstrained-exprsentences2",
    "outcome": "parse-failed"
  },
  {
    "testCase": "FTDistance-unconstrained-paragraphs1",
    "outcome": "parse-failed"
  },
  {
    "testCase": "FTDistance-unconstrained-paragraphs2",
    "outcome": "parse-failed"
  },
  {
    "testCase": "FTDistance-unconstrained-paragraphs3",
    "outcome": "parse-failed"
  },
  {
    "testCase": "FTDistance-unconstrained-paragraphs4",
    "outcome": "parse-failed"
  },
  {
    "testCase": "FTDistance-unconstrained-exprparagraphs1",
    "outcome": "parse-failed"
  },
  {
    "testCase": "FTDistance-unconstrained-exprparagraphs2",
    "outcome": "parse-failed"
  }
]