[
  {
    "testCase": "unconstrained-examples-361-1",
    "outcome": "parse-failed"
  },
  {
    "testCase": "unconstrained-examples-361-2",
    "outcome": "parse-failed"
  },
  {
    "testCase": "FTOrder-unconstrained-q1",
    "outcome": "parse-failed"
  },
  {
    "testCase": "FTOrder-unconstrained-q2",
    "outcome": "parse-failed"
  },
  {
    "testCase": "FTOrder-unconstrained-andor1",
    "outcome": "parse-failed"
  }
]