[
  {
    "testCase": "proximity-queries-results-q1",
    "outcome": "parse-failed"
  },
  {
    "testCase": "proximity-queries-results-q1b",
    "outcome": "parse-failed"
  },
  {
    "testCase": "proximity-queries-results-q2",
    "outcome": "parse-failed"
  },
  {
    "testCase": "proximity-queries-results-q2b",
    "outcome": "parse-failed"
  },
  {
    "testCase": "proximity-queries-results-q3",
    "outcome": "parse-failed"
  },
  {
    "testCase": "proximity-queries-results-q3b",
    "outcome": "parse-failed"
  },
  {
    "testCase": "proximity-queries-results-q4",
    "outcome": "parse-failed"
  },
  {
    "testCase": "proximity-queries-results-q4b",
    "outcome": "parse-failed"
  }
]