[
  {
    "testCase": "Keywords-fn-translate-1",
    "outcome": "parse-failed"
  },
  {
    "testCase": "Keywords-fn-distinct-ordered-nodes-1",
    "outcome": "parse-failed"
  },
  {
    "testCase": "Keywords-fn-innermost-1",
    "outcome": "parse-failed"
  },
  {
    "testCase": "Keywords-fn-outermost-1",
    "outcome": "parse-failed"
  },
  {
    "testCase": "Keywords-fn-insert-before-1",
    "outcome": "parse-failed"
  },
  {
    "testCase": "Keywords-fn-jtree-1",
    "outcome": "parse-failed"
  }
]