[
  {
    "testCase": "K2-SeqExcept-39",
    "outcome": "false-positive",
    "expectedCode": null
  },
  {
    "testCase": "K2-SeqExcept-40",
    "outcome": "false-positive",
    "expectedCode": null
  },
  {
    "testCase": "except-100",
    "outcome": "false-positive",
    "expectedCode": null
  }
]