[
  {
    "testCase": "precedes-or-is-11",
    "outcome": "false-positive",
    "expectedCode": null
  },
  {
    "testCase": "precedes-or-is-16",
    "outcome": "false-positive",
    "expectedCode": null
  },
  {
    "testCase": "precedes-or-is-17",
    "outcome": "false-positive",
    "expectedCode": null
  },
  {
    "testCase": "precedes-or-is-18",
    "outcome": "false-positive",
    "expectedCode": null
  },
  {
    "testCase": "precedes-or-is-19",
    "outcome": "false-positive",
    "expectedCode": null
  },
  {
    "testCase": "precedes-or-is-20",
    "outcome": "false-positive",
    "expectedCode": null
  },
  {
    "testCase": "precedes-or-is-21",
    "outcome": "false-positive",
    "expectedCode": null
  },
  {
    "testCase": "precedes-or-is-22",
    "outcome": "false-positive",
    "expectedCode": null
  },
  {
    "testCase": "precedes-or-is-23",
    "outcome": "false-positive",
    "expectedCode": null
  },
  {
    "testCase": "precedes-or-is-24",
    "outcome": "false-positive",
    "expectedCode": null
  },
  {
    "testCase": "precedes-or-is-28",
    "outcome": "false-positive",
    "expectedCode": null
  },
  {
    "testCase": "precedes-or-is-32",
    "outcome": "false-positive",
    "expectedCode": null
  }
]