[
  {
    "testCase": "follows-or-is-11",
    "outcome": "parse-failed"
  },
  {
    "testCase": "follows-or-is-16",
    "outcome": "parse-failed"
  },
  {
    "testCase": "follows-or-is-17",
    "outcome": "parse-failed"
  },
  {
    "testCase": "follows-or-is-18",
    "outcome": "parse-failed"
  },
  {
    "testCase": "follows-or-is-19",
    "outcome": "parse-failed"
  },
  {
    "testCase": "follows-or-is-20",
    "outcome": "parse-failed"
  },
  {
    "testCase": "follows-or-is-21",
    "outcome": "parse-failed"
  },
  {
    "testCase": "follows-or-is-22",
    "outcome": "parse-failed"
  },
  {
    "testCase": "follows-or-is-23",
    "outcome": "parse-failed"
  },
  {
    "testCase": "follows-or-is-24",
    "outcome": "parse-failed"
  },
  {
    "testCase": "follows-or-is-28",
    "outcome": "parse-failed"
  },
  {
    "testCase": "follows-or-is-32",
    "outcome": "parse-failed"
  }
]