[
  {
    "testCase": "K2-SeqUnion-43",
    "outcome": "false-positive",
    "expectedCode": null
  },
  {
    "testCase": "K2-SeqUnion-44",
    "outcome": "false-positive",
    "expectedCode": null
  },
  {
    "testCase": "K2-SeqUnion-45",
    "outcome": "false-positive",
    "expectedCode": null
  }
]