[
  {
    "testCase": "string-constructor-027",
    "outcome": "false-positive",
    "expectedCode": null
  },
  {
    "testCase": "string-constructor-028",
    "outcome": "false-positive",
    "expectedCode": null
  },
  {
    "testCase": "string-constructor-037",
    "outcome": "false-positive",
    "expectedCode": null
  }
]