[
  {
    "testCase": "Axes114",
    "outcome": "parse-failed"
  },
  {
    "testCase": "Axes116",
    "outcome": "parse-failed"
  },
  {
    "testCase": "Axes118",
    "outcome": "parse-failed"
  },
  {
    "testCase": "Axes119",
    "outcome": "parse-failed"
  },
  {
    "testCase": "Axes120",
    "outcome": "parse-failed"
  },
  {
    "testCase": "Axes121",
    "outcome": "parse-failed"
  },
  {
    "testCase": "Axes122",
    "outcome": "parse-failed"
  },
  {
    "testCase": "Axes123",
    "outcome": "parse-failed"
  },
  {
    "testCase": "Axes124",
    "outcome": "parse-failed"
  },
  {
    "testCase": "Axes125",
    "outcome": "parse-failed"
  },
  {
    "testCase": "Axes126",
    "outcome": "parse-failed"
  }
]