[
  {
    "testCase": "Constr-pi-content-9",
    "outcome": "false-negative",
    "expectedCode": "XPST0003"
  },
  {
    "testCase": "K2-DirectConOther-49",
    "outcome": "false-positive",
    "expectedCode": null
  },
  {
    "testCase": "K2-DirectConOther-50",
    "outcome": "false-positive",
    "expectedCode": null
  },
  {
    "testCase": "K2-DirectConOther-51",
    "outcome": "false-positive",
    "expectedCode": null
  },
  {
    "testCase": "K2-DirectConOther-52",
    "outcome": "false-positive",
    "expectedCode": null
  },
  {
    "testCase": "K2-DirectConOther-53",
    "outcome": "false-positive",
    "expectedCode": null
  },
  {
    "testCase": "K2-DirectConOther-54",
    "outcome": "false-positive",
    "expectedCode": null
  }
]