[
  {
    "testCase": "function-declaration-027",
    "outcome": "false-negative",
    "expectedCode": "XPST0003"
  },
  {
    "testCase": "K-FunctionProlog-8",
    "outcome": "false-negative",
    "expectedCode": "XPST0003"
  },
  {
    "testCase": "function-decl-reserved-function-names-001",
    "outcome": "false-positive",
    "expectedCode": null
  },
  {
    "testCase": "function-decl-reserved-function-names-003",
    "outcome": "false-positive",
    "expectedCode": null
  },
  {
    "testCase": "function-decl-reserved-function-names-005",
    "outcome": "false-positive",
    "expectedCode": null
  },
  {
    "testCase": "function-decl-reserved-function-names-007",
    "outcome": "false-positive",
    "expectedCode": null
  },
  {
    "testCase": "function-decl-reserved-function-names-010",
    "outcome": "false-negative",
    "expectedCode": "XPST0003"
  },
  {
    "testCase": "function-decl-reserved-function-names-011",
    "outcome": "false-positive",
    "expectedCode": null
  },
  {
    "testCase": "function-decl-reserved-function-names-013",
    "outcome": "false-positive",
    "expectedCode": null
  },
  {
    "testCase": "function-decl-reserved-function-names-015",
    "outcome": "false-positive",
    "expectedCode": null
  },
  {
    "testCase": "function-decl-reserved-function-names-017",
    "outcome": "false-positive",
    "expectedCode": null
  },
  {
    "testCase": "function-decl-reserved-function-names-019",
    "outcome": "false-positive",
    "expectedCode": null
  },
  {
    "testCase": "function-decl-reserved-function-names-021",
    "outcome": "false-positive",
    "expectedCode": null
  },
  {
    "testCase": "function-decl-reserved-function-names-023",
    "outcome": "false-positive",
    "expectedCode": null
  },
  {
    "testCase": "function-decl-reserved-function-names-025",
    "outcome": "false-positive",
    "expectedCode": null
  },
  {
    "testCase": "function-decl-reserved-function-names-027",
    "outcome": "false-positive",
    "expectedCode": null
  },
  {
    "testCase": "function-decl-reserved-function-names-029",
    "outcome": "false-positive",
    "expectedCode": null
  },
  {
    "testCase": "function-decl-reserved-function-names-031",
    "outcome": "false-positive",
    "expectedCode": null
  },
  {
    "testCase": "function-decl-40-037",
    "outcome": "false-positive",
    "expectedCode": null
  }
]