[
  {
    "testCase": "WindowExprOptional1",
    "outcome": "parse-failed"
  },
  {
    "testCase": "WindowExprOptional2",
    "outcome": "parse-failed"
  },
  {
    "testCase": "WindowExprOptional3",
    "outcome": "parse-failed"
  },
  {
    "testCase": "WindowExprOptional4",
    "outcome": "parse-failed"
  },
  {
    "testCase": "WindowExprOptional5",
    "outcome": "parse-failed"
  },
  {
    "testCase": "WindowExprOptional6",
    "outcome": "parse-failed"
  },
  {
    "testCase": "WindowExprOptional7",
    "outcome": "parse-failed"
  },
  {
    "testCase": "WindowExprOptional8",
    "outcome": "parse-failed"
  },
  {
    "testCase": "WindowExprOptional9",
    "outcome": "parse-failed"
  },
  {
    "testCase": "WindowExprOptional10",
    "outcome": "parse-failed"
  },
  {
    "testCase": "WindowExprOptional11",
    "outcome": "parse-failed"
  },
  {
    "testCase": "WindowExprOptional14",
    "outcome": "parse-failed"
  },
  {
    "testCase": "WindowExprOptional15",
    "outcome": "parse-failed"
  },
  {
    "testCase": "WindowExprOptional16",
    "outcome": "parse-failed"
  },
  {
    "testCase": "WindowExprOptional17",
    "outcome": "parse-failed"
  },
  {
    "testCase": "WindowExprOptional18",
    "outcome": "parse-failed"
  },
  {
    "testCase": "WindowExprOptional19",
    "outcome": "parse-failed"
  },
  {
    "testCase": "WindowExprOptional20",
    "outcome": "parse-failed"
  },
  {
    "testCase": "WindowExprOptional21",
    "outcome": "parse-failed"
  },
  {
    "testCase": "WindowExprOptional22",
    "outcome": "parse-failed"
  },
  {
    "testCase": "WindowExprOptional23",
    "outcome": "parse-failed"
  },
  {
    "testCase": "WindowExprOptional24",
    "outcome": "parse-failed"
  },
  {
    "testCase": "WindowExprOptional25",
    "outcome": "parse-failed"
  },
  {
    "testCase": "WindowExprOptional26",
    "outcome": "parse-failed"
  }
]