[
  {
    "testCase": "WhileExpr021",
    "outcome": "parse-failed"
  },
  {
    "testCase": "cbcl-while-hash-join-005",
    "outcome": "parse-failed"
  },
  {
    "testCase": "cbcl-while-hash-join-006",
    "outcome": "parse-failed"
  },
  {
    "testCase": "cbcl-while-hash-join-007",
    "outcome": "parse-failed"
  },
  {
    "testCase": "cbcl-while-hash-join-008",
    "outcome": "parse-failed"
  }
]