[
  {
    "testCase": "annotation-40-01",
    "outcome": "parse-failed"
  },
  {
    "testCase": "annotation-40-02",
    "outcome": "parse-failed"
  },
  {
    "testCase": "annotation-40-03",
    "outcome": "parse-failed"
  },
  {
    "testCase": "annotation-40-04",
    "outcome": "parse-failed"
  },
  {
    "testCase": "annotation-40-06",
    "outcome": "parse-failed"
  },
  {
    "testCase": "annotation-40-07",
    "outcome": "parse-failed"
  },
  {
    "testCase": "annotation-40-08",
    "outcome": "parse-failed"
  },
  {
    "testCase": "annotation-40-09",
    "outcome": "parse-failed"
  },
  {
    "testCase": "annotation-40-10",
    "outcome": "parse-failed"
  },
  {
    "testCase": "annotation-40-11",
    "outcome": "parse-failed"
  },
  {
    "testCase": "annotation-40-12",
    "outcome": "parse-failed"
  },
  {
    "testCase": "annotation-40-17",
    "outcome": "parse-failed"
  },
  {
    "testCase": "annotation-40-18",
    "outcome": "parse-failed"
  },
  {
    "testCase": "annotation-40-19",
    "outcome": "parse-failed"
  },
  {
    "testCase": "annotation-40-20",
    "outcome": "parse-failed"
  },
  {
    "testCase": "annotation-assertion-40-01",
    "outcome": "parse-failed"
  },
  {
    "testCase": "annotation-assertion-40-02",
    "outcome": "parse-failed"
  },
  {
    "testCase": "annotation-assertion-40-03",
    "outcome": "parse-failed"
  },
  {
    "testCase": "annotation-assertion-40-04",
    "outcome": "parse-failed"
  },
  {
    "testCase": "annotation-assertion-40-05",
    "outcome": "parse-failed"
  }
]