[
  {
    "testCase": "switch-403",
    "outcome": "parse-failed"
  },
  {
    "testCase": "switch-405",
    "outcome": "parse-failed"
  },
  {
    "testCase": "switch-406",
    "outcome": "parse-failed"
  },
  {
    "testCase": "switch-407",
    "outcome": "parse-failed"
  },
  {
    "testCase": "switch-408",
    "outcome": "parse-failed"
  }
]