[
  {
    "testCase": "K2-DirectConOther-49",
    "outcome": "parse-failed"
  },
  {
    "testCase": "K2-DirectConOther-50",
    "outcome": "parse-failed"
  },
  {
    "testCase": "K2-DirectConOther-51",
    "outcome": "parse-failed"
  },
  {
    "testCase": "K2-DirectConOther-52",
    "outcome": "parse-failed"
  },
  {
    "testCase": "K2-DirectConOther-53",
    "outcome": "parse-failed"
  },
  {
    "testCase": "K2-DirectConOther-54",
    "outcome": "parse-failed"
  }
]