[
  {
    "testCase": "K2-ComputeConAttr-63",
    "outcome": "parse-failed"
  },
  {
    "testCase": "K2-ComputeConAttr-64",
    "outcome": "parse-failed"
  },
  {
    "testCase": "K2-ComputeConAttr-66",
    "outcome": "parse-failed"
  },
  {
    "testCase": "K2-ComputeConAttr-66a",
    "outcome": "parse-failed"
  },
  {
    "testCase": "K2-ComputeConAttr-67",
    "outcome": "parse-failed"
  },
  {
    "testCase": "K2-ComputeConAttr-68",
    "outcome": "parse-failed"
  },
  {
    "testCase": "K2-ComputeConAttr-69",
    "outcome": "parse-failed"
  },
  {
    "testCase": "K2-ComputeConAttr-70",
    "outcome": "parse-failed"
  },
  {
    "testCase": "K2-ComputeConAttr-71",
    "outcome": "parse-failed"
  }
]