[
  {
    "testCase": "MapType-072",
    "outcome": "parse-failed"
  },
  {
    "testCase": "MapType-080",
    "outcome": "parse-failed"
  },
  {
    "testCase": "MapType-081",
    "outcome": "parse-failed"
  },
  {
    "testCase": "MapType-082",
    "outcome": "parse-failed"
  },
  {
    "testCase": "MapType-083",
    "outcome": "parse-failed"
  },
  {
    "testCase": "MapType-084",
    "outcome": "parse-failed"
  },
  {
    "testCase": "MapType-085",
    "outcome": "parse-failed"
  },
  {
    "testCase": "MapType-086",
    "outcome": "parse-failed"
  },
  {
    "testCase": "MapType-087",
    "outcome": "parse-failed"
  },
  {
    "testCase": "MapType-088",
    "outcome": "parse-failed"
  },
  {
    "testCase": "MapType-090",
    "outcome": "parse-failed"
  },
  {
    "testCase": "MapType-092",
    "outcome": "parse-failed"
  }
]