[
  {
    "testCase": "JAxes-300",
    "outcome": "parse-failed"
  },
  {
    "testCase": "JAxes-301",
    "outcome": "parse-failed"
  },
  {
    "testCase": "JAxes-302",
    "outcome": "parse-failed"
  },
  {
    "testCase": "JAxes-303",
    "outcome": "parse-failed"
  },
  {
    "testCase": "JAxes-304",
    "outcome": "parse-failed"
  },
  {
    "testCase": "JAxes-310",
    "outcome": "parse-failed"
  },
  {
    "testCase": "JAxes-311",
    "outcome": "parse-failed"
  },
  {
    "testCase": "JAxes-312",
    "outcome": "parse-failed"
  },
  {
    "testCase": "JAxes-313",
    "outcome": "parse-failed"
  },
  {
    "testCase": "JAxes-314",
    "outcome": "parse-failed"
  },
  {
    "testCase": "JAxes-315",
    "outcome": "parse-failed"
  },
  {
    "testCase": "JAxes-320",
    "outcome": "parse-failed"
  },
  {
    "testCase": "JAxes-321",
    "outcome": "parse-failed"
  },
  {
    "testCase": "JAxes-322",
    "outcome": "parse-failed"
  },
  {
    "testCase": "JAxes-323",
    "outcome": "parse-failed"
  },
  {
    "testCase": "JAxes-324",
    "outcome": "parse-failed"
  },
  {
    "testCase": "JAxes-325",
    "outcome": "parse-failed"
  },
  {
    "testCase": "JAxes-326",
    "outcome": "parse-failed"
  },
  {
    "testCase": "JAxes-327",
    "outcome": "parse-failed"
  },
  {
    "testCase": "JAxes-328",
    "outcome": "parse-failed"
  },
  {
    "testCase": "JAxes-329",
    "outcome": "parse-failed"
  },
  {
    "testCase": "JAxes-331",
    "outcome": "parse-failed"
  },
  {
    "testCase": "JAxes-334",
    "outcome": "parse-failed"
  },
  {
    "testCase": "JAxes-902",
    "outcome": "parse-succeeded",
    "expectedCode": "XPST0003"
  },
  {
    "testCase": "JAxes-903",
    "outcome": "parse-succeeded",
    "expectedCode": "XPST0003"
  },
  {
    "testCase": "JAxes-904",
    "outcome": "parse-succeeded",
    "expectedCode": "XPST0003"
  }
]