[
  {
    "testCase": "RecordType-004",
    "outcome": "parse-failed"
  },
  {
    "testCase": "RecordType-015",
    "outcome": "parse-failed"
  },
  {
    "testCase": "RecordType-017",
    "outcome": "parse-failed"
  },
  {
    "testCase": "RecordType-018",
    "outcome": "parse-failed"
  },
  {
    "testCase": "RecordType-103",
    "outcome": "parse-succeeded",
    "expectedCode": "XPST0003"
  },
  {
    "testCase": "RecordType-104",
    "outcome": "parse-succeeded",
    "expectedCode": "XPST0003"
  }
]