[
  {
    "testCase": "K2-NodeTest-7",
    "outcome": "false-negative",
    "expectedCode": "XPST0003"
  },
  {
    "testCase": "K2-NodeTest-14",
    "outcome": "false-negative",
    "expectedCode": "XPST0003"
  },
  {
    "testCase": "K2-NodeTest-15",
    "outcome": "false-negative",
    "expectedCode": "XPST0003"
  },
  {
    "testCase": "K2-NodeTest-41",
    "outcome": "false-positive",
    "expectedCode": null
  },
  {
    "testCase": "K2-NodeTest-42",
    "outcome": "false-positive",
    "expectedCode": null
  },
  {
    "testCase": "K2-NodeTest-43",
    "outcome": "false-positive",
    "expectedCode": null
  }
]