[
  {
    "testCase": "butWith-001",
    "outcome": "parse-failed"
  },
  {
    "testCase": "butWith-002",
    "outcome": "parse-failed"
  },
  {
    "testCase": "butWith-003",
    "outcome": "parse-failed"
  },
  {
    "testCase": "butWith-004",
    "outcome": "parse-failed"
  },
  {
    "testCase": "butWith-005",
    "outcome": "parse-failed"
  },
  {
    "testCase": "butWith-006",
    "outcome": "parse-failed"
  },
  {
    "testCase": "butWith-007",
    "outcome": "parse-failed"
  },
  {
    "testCase": "butWith-008",
    "outcome": "parse-failed"
  },
  {
    "testCase": "butWith-009",
    "outcome": "parse-failed"
  },
  {
    "testCase": "butWith-010",
    "outcome": "parse-failed"
  },
  {
    "testCase": "butWith-011",
    "outcome": "parse-failed"
  },
  {
    "testCase": "butWith-012",
    "outcome": "parse-failed"
  },
  {
    "testCase": "butWith-013",
    "outcome": "parse-failed"
  },
  {
    "testCase": "butWith-014",
    "outcome": "parse-failed"
  },
  {
    "testCase": "butWith-015",
    "outcome": "parse-failed"
  },
  {
    "testCase": "butWith-901",
    "outcome": "parse-failed"
  },
  {
    "testCase": "butWith-902",
    "outcome": "parse-failed"
  },
  {
    "testCase": "butWith-903",
    "outcome": "parse-failed"
  },
  {
    "testCase": "butWith-904",
    "outcome": "parse-failed"
  },
  {
    "testCase": "butWith-905",
    "outcome": "parse-failed"
  },
  {
    "testCase": "butWith-906",
    "outcome": "parse-failed"
  },
  {
    "testCase": "butWith-907",
    "outcome": "parse-failed"
  },
  {
    "testCase": "butWith-908",
    "outcome": "parse-failed"
  },
  {
    "testCase": "butWith-909",
    "outcome": "parse-failed"
  },
  {
    "testCase": "butWith-910",
    "outcome": "parse-failed"
  },
  {
    "testCase": "butWith-911",
    "outcome": "parse-failed"
  }
]