[
  {
    "testCase": "cast-sequence-001",
    "outcome": "parse-failed"
  },
  {
    "testCase": "cast-sequence-002",
    "outcome": "parse-failed"
  },
  {
    "testCase": "cast-sequence-902",
    "outcome": "parse-failed"
  },
  {
    "testCase": "cast-array-001",
    "outcome": "parse-failed"
  },
  {
    "testCase": "cast-array-002",
    "outcome": "parse-failed"
  },
  {
    "testCase": "cast-array-003",
    "outcome": "parse-failed"
  },
  {
    "testCase": "cast-array-004",
    "outcome": "parse-failed"
  },
  {
    "testCase": "cast-array-005",
    "outcome": "parse-failed"
  },
  {
    "testCase": "cast-array-901",
    "outcome": "parse-failed"
  },
  {
    "testCase": "cast-array-902",
    "outcome": "parse-failed"
  },
  {
    "testCase": "cast-array-903",
    "outcome": "parse-failed"
  },
  {
    "testCase": "cast-map-001",
    "outcome": "parse-failed"
  },
  {
    "testCase": "cast-map-002",
    "outcome": "parse-failed"
  },
  {
    "testCase": "cast-map-003",
    "outcome": "parse-failed"
  },
  {
    "testCase": "cast-map-004",
    "outcome": "parse-failed"
  },
  {
    "testCase": "cast-map-901",
    "outcome": "parse-failed"
  },
  {
    "testCase": "cast-map-902",
    "outcome": "parse-failed"
  },
  {
    "testCase": "cast-record-001",
    "outcome": "parse-failed"
  },
  {
    "testCase": "cast-record-002",
    "outcome": "parse-failed"
  },
  {
    "testCase": "cast-record-003",
    "outcome": "parse-failed"
  },
  {
    "testCase": "cast-array-006",
    "outcome": "parse-failed"
  },
  {
    "testCase": "cast-array-904",
    "outcome": "parse-failed"
  },
  {
    "testCase": "cast-map-005",
    "outcome": "parse-failed"
  },
  {
    "testCase": "cast-map-903",
    "outcome": "parse-failed"
  },
  {
    "testCase": "cast-record-004",
    "outcome": "parse-failed"
  },
  {
    "testCase": "cast-record-901",
    "outcome": "parse-failed"
  }
]