[
  {
    "testCase": "WhereExpr020",
    "outcome": "false-negative",
    "expectedCode": "XPST0003"
  },
  {
    "testCase": "WhereExpr027",
    "outcome": "false-positive",
    "expectedCode": null
  },
  {
    "testCase": "K2-WhereExpr-1",
    "outcome": "false-negative",
    "expectedCode": "XPST0003"
  },
  {
    "testCase": "cbcl-left-outer-join-004",
    "outcome": "false-positive",
    "expectedCode": null
  }
]