[
  {
    "testCase": "inline-fn-006",
    "outcome": "parse-succeeded",
    "expectedCode": "XPST0003"
  },
  {
    "testCase": "inline-fn-016",
    "outcome": "parse-succeeded",
    "expectedCode": "XPST0003"
  },
  {
    "testCase": "inline-fn-018",
    "outcome": "parse-succeeded",
    "expectedCode": "XPST0003"
  },
  {
    "testCase": "inline-fn-019",
    "outcome": "parse-succeeded",
    "expectedCode": "XPST0003"
  }
]