[
  {
    "testCase": "PathExpr-J-009",
    "outcome": "false-positive",
    "expectedCode": null
  },
  {
    "testCase": "PathExpr-J-022",
    "outcome": "false-positive",
    "expectedCode": null
  },
  {
    "testCase": "PathExpr-J-109",
    "outcome": "false-positive",
    "expectedCode": null
  },
  {
    "testCase": "PathExpr-J-114",
    "outcome": "false-positive",
    "expectedCode": null
  },
  {
    "testCase": "PathExpr-J-145",
    "outcome": "false-positive",
    "expectedCode": null
  },
  {
    "testCase": "PathExpr-J-311",
    "outcome": "false-positive",
    "expectedCode": null
  },
  {
    "testCase": "PathExpr-J-402",
    "outcome": "false-positive",
    "expectedCode": null
  },
  {
    "testCase": "PathExpr-J-403",
    "outcome": "false-positive",
    "expectedCode": null
  }
]