[
  {
    "testCase": "K2-ComputeConElem-18",
    "outcome": "parse-failed"
  },
  {
    "testCase": "K2-ComputeConElem-19",
    "outcome": "parse-failed"
  },
  {
    "testCase": "K2-ComputeConElem-21",
    "outcome": "parse-failed"
  },
  {
    "testCase": "K2-ComputeConElem-22",
    "outcome": "parse-failed"
  },
  {
    "testCase": "K2-ComputeConElem-23",
    "outcome": "parse-failed"
  },
  {
    "testCase": "K2-ComputeConElem-24",
    "outcome": "parse-failed"
  }
]