[
  {
    "testCase": "FunctionCall-044",
    "outcome": "false-negative",
    "expectedCode": "XPST0003"
  },
  {
    "testCase": "function-call-reserved-function-names-005",
    "outcome": "false-negative",
    "expectedCode": "XPST0003"
  },
  {
    "testCase": "function-call-reserved-function-names-014",
    "outcome": "false-positive",
    "expectedCode": null
  },
  {
    "testCase": "function-call-reserved-function-names-015",
    "outcome": "false-positive",
    "expectedCode": null
  },
  {
    "testCase": "function-call-reserved-function-names-016",
    "outcome": "false-positive",
    "expectedCode": null
  },
  {
    "testCase": "function-call-reserved-function-names-024",
    "outcome": "false-negative",
    "expectedCode": "XPST0003"
  },
  {
    "testCase": "function-call-reserved-function-names-026",
    "outcome": "false-negative",
    "expectedCode": "XPST0003"
  },
  {
    "testCase": "function-call-reserved-function-names-033",
    "outcome": "false-positive",
    "expectedCode": null
  },
  {
    "testCase": "function-call-reserved-function-names-034",
    "outcome": "false-positive",
    "expectedCode": null
  },
  {
    "testCase": "function-call-reserved-function-names-035",
    "outcome": "false-positive",
    "expectedCode": null
  },
  {
    "testCase": "function-call-reserved-function-names-039",
    "outcome": "false-positive",
    "expectedCode": null
  },
  {
    "testCase": "function-call-reserved-function-names-041",
    "outcome": "false-positive",
    "expectedCode": null
  },
  {
    "testCase": "function-call-reserved-function-names-043",
    "outcome": "false-positive",
    "expectedCode": null
  },
  {
    "testCase": "function-call-reserved-function-names-045",
    "outcome": "false-positive",
    "expectedCode": null
  },
  {
    "testCase": "function-call-reserved-function-names-047",
    "outcome": "false-positive",
    "expectedCode": null
  }
]