[
  {
    "testCase": "PathExpr-5",
    "outcome": "parse-succeeded",
    "expectedCode": "XPST0003"
  },
  {
    "testCase": "PathExpr-7",
    "outcome": "parse-succeeded",
    "expectedCode": "XPST0003"
  },
  {
    "testCase": "PathExpr-8",
    "outcome": "parse-succeeded",
    "expectedCode": "XPST0003"
  },
  {
    "testCase": "PathExpr-9",
    "outcome": "parse-succeeded",
    "expectedCode": "XPST0003"
  }
]