[
  {
    "testCase": "switch-403",
    "outcome": "false-positive",
    "expectedCode": null
  },
  {
    "testCase": "switch-405",
    "outcome": "false-positive",
    "expectedCode": null
  },
  {
    "testCase": "switch-406",
    "outcome": "false-positive",
    "expectedCode": null
  },
  {
    "testCase": "switch-407",
    "outcome": "false-positive",
    "expectedCode": null
  },
  {
    "testCase": "switch-408",
    "outcome": "false-positive",
    "expectedCode": null
  }
]