[
  {
    "testCase": "function-declaration-027",
    "outcome": "parse-succeeded",
    "expectedCode": "XPST0003"
  },
  {
    "testCase": "function-decl-reserved-function-names-002",
    "outcome": "parse-succeeded",
    "expectedCode": "XPST0003"
  },
  {
    "testCase": "function-decl-reserved-function-names-004",
    "outcome": "parse-succeeded",
    "expectedCode": "XPST0003"
  },
  {
    "testCase": "function-decl-reserved-function-names-006",
    "outcome": "parse-succeeded",
    "expectedCode": "XPST0003"
  },
  {
    "testCase": "function-decl-reserved-function-names-008",
    "outcome": "parse-succeeded",
    "expectedCode": "XPST0003"
  },
  {
    "testCase": "function-decl-reserved-function-names-010",
    "outcome": "parse-succeeded",
    "expectedCode": "XPST0003"
  },
  {
    "testCase": "function-decl-reserved-function-names-010a",
    "outcome": "parse-failed"
  },
  {
    "testCase": "function-decl-reserved-function-names-012",
    "outcome": "parse-succeeded",
    "expectedCode": "XPST0003"
  },
  {
    "testCase": "function-decl-reserved-function-names-014",
    "outcome": "parse-succeeded",
    "expectedCode": "XPST0003"
  },
  {
    "testCase": "function-decl-reserved-function-names-016",
    "outcome": "parse-succeeded",
    "expectedCode": "XPST0003"
  },
  {
    "testCase": "function-decl-reserved-function-names-018",
    "outcome": "parse-succeeded",
    "expectedCode": "XPST0003"
  },
  {
    "testCase": "function-decl-reserved-function-names-020",
    "outcome": "parse-succeeded",
    "expectedCode": "XPST0003"
  },
  {
    "testCase": "function-decl-reserved-function-names-022",
    "outcome": "parse-succeeded",
    "expectedCode": "XPST0003"
  },
  {
    "testCase": "function-decl-reserved-function-names-024",
    "outcome": "parse-succeeded",
    "expectedCode": "XPST0003"
  },
  {
    "testCase": "function-decl-reserved-function-names-026",
    "outcome": "parse-succeeded",
    "expectedCode": "XPST0003"
  },
  {
    "testCase": "function-decl-reserved-function-names-028",
    "outcome": "parse-succeeded",
    "expectedCode": "XPST0003"
  },
  {
    "testCase": "function-decl-reserved-function-names-030",
    "outcome": "parse-succeeded",
    "expectedCode": "XPST0003"
  },
  {
    "testCase": "function-decl-reserved-function-names-032",
    "outcome": "parse-succeeded",
    "expectedCode": "XPST0003"
  },
  {
    "testCase": "function-decl-40-001",
    "outcome": "parse-failed"
  },
  {
    "testCase": "function-decl-40-002",
    "outcome": "parse-failed"
  },
  {
    "testCase": "function-decl-40-003",
    "outcome": "parse-failed"
  },
  {
    "testCase": "function-decl-40-004",
    "outcome": "parse-failed"
  },
  {
    "testCase": "function-decl-40-005",
    "outcome": "parse-failed"
  },
  {
    "testCase": "function-decl-40-006",
    "outcome": "parse-failed"
  },
  {
    "testCase": "function-decl-40-007",
    "outcome": "parse-failed"
  },
  {
    "testCase": "function-decl-40-008",
    "outcome": "parse-failed"
  },
  {
    "testCase": "function-decl-40-009",
    "outcome": "parse-failed"
  },
  {
    "testCase": "function-decl-40-010",
    "outcome": "parse-failed"
  },
  {
    "testCase": "function-decl-40-011",
    "outcome": "parse-failed"
  },
  {
    "testCase": "function-decl-40-012",
    "outcome": "parse-failed"
  },
  {
    "testCase": "function-decl-40-013",
    "outcome": "parse-failed"
  },
  {
    "testCase": "function-decl-40-014",
    "outcome": "parse-failed"
  },
  {
    "testCase": "function-decl-40-015",
    "outcome": "parse-failed"
  },
  {
    "testCase": "function-decl-40-016",
    "outcome": "parse-failed"
  },
  {
    "testCase": "function-decl-40-017",
    "outcome": "parse-failed"
  },
  {
    "testCase": "function-decl-40-018",
    "outcome": "parse-failed"
  },
  {
    "testCase": "function-decl-40-019",
    "outcome": "parse-failed"
  },
  {
    "testCase": "function-decl-40-020",
    "outcome": "parse-failed"
  },
  {
    "testCase": "function-decl-40-021",
    "outcome": "parse-failed"
  },
  {
    "testCase": "function-decl-40-022",
    "outcome": "parse-failed"
  },
  {
    "testCase": "function-decl-40-023",
    "outcome": "parse-failed"
  },
  {
    "testCase": "function-decl-40-024",
    "outcome": "parse-failed"
  },
  {
    "testCase": "function-decl-40-028",
    "outcome": "parse-failed"
  },
  {
    "testCase": "function-decl-40-037",
    "outcome": "parse-failed"
  },
  {
    "testCase": "function-decl-40-038",
    "outcome": "parse-failed"
  },
  {
    "testCase": "function-decl-40-901",
    "outcome": "parse-failed"
  },
  {
    "testCase": "function-decl-40-902",
    "outcome": "parse-failed"
  },
  {
    "testCase": "function-decl-40-903",
    "outcome": "parse-failed"
  },
  {
    "testCase": "function-decl-40-904",
    "outcome": "parse-failed"
  },
  {
    "testCase": "function-decl-40-907",
    "outcome": "parse-failed"
  },
  {
    "testCase": "function-decl-40-908",
    "outcome": "parse-failed"
  },
  {
    "testCase": "function-decl-40-909",
    "outcome": "parse-failed"
  },
  {
    "testCase": "function-decl-40-910",
    "outcome": "parse-failed"
  },
  {
    "testCase": "function-decl-40-911",
    "outcome": "parse-failed"
  },
  {
    "testCase": "function-decl-40-912",
    "outcome": "parse-failed"
  },
  {
    "testCase": "function-decl-40-913",
    "outcome": "parse-failed"
  }
]