[
  {
    "testCase": "UnaryLookup-009",
    "outcome": "false-positive",
    "expectedCode": null
  },
  {
    "testCase": "UnaryLookup-018",
    "outcome": "false-negative",
    "expectedCode": "XPST0003"
  },
  {
    "testCase": "UnaryLookup-047",
    "outcome": "false-negative",
    "expectedCode": "XPST0003"
  }
]