[
  {
    "testCase": "FunctionCall-044",
    "outcome": "parse-succeeded",
    "expectedCode": "XPST0003"
  },
  {
    "testCase": "function-call-reserved-function-names-005",
    "outcome": "parse-succeeded",
    "expectedCode": "XPST0003"
  },
  {
    "testCase": "function-call-reserved-function-names-014",
    "outcome": "parse-failed"
  },
  {
    "testCase": "function-call-reserved-function-names-015",
    "outcome": "parse-failed"
  },
  {
    "testCase": "function-call-reserved-function-names-016",
    "outcome": "parse-failed"
  },
  {
    "testCase": "function-call-reserved-function-names-024",
    "outcome": "parse-succeeded",
    "expectedCode": "XPST0003"
  },
  {
    "testCase": "function-call-reserved-function-names-026",
    "outcome": "parse-succeeded",
    "expectedCode": "XPST0003"
  },
  {
    "testCase": "function-call-reserved-function-names-033",
    "outcome": "parse-failed"
  },
  {
    "testCase": "function-call-reserved-function-names-034",
    "outcome": "parse-failed"
  },
  {
    "testCase": "function-call-reserved-function-names-035",
    "outcome": "parse-failed"
  },
  {
    "testCase": "function-call-reserved-function-names-039",
    "outcome": "parse-failed"
  },
  {
    "testCase": "function-call-reserved-function-names-041",
    "outcome": "parse-failed"
  },
  {
    "testCase": "function-call-reserved-function-names-043",
    "outcome": "parse-failed"
  },
  {
    "testCase": "function-call-reserved-function-names-045",
    "outcome": "parse-failed"
  },
  {
    "testCase": "function-call-reserved-function-names-047",
    "outcome": "parse-failed"
  }
]