[
  {
    "testCase": "preceding-22",
    "outcome": "false-positive",
    "expectedCode": null
  },
  {
    "testCase": "preceding-23",
    "outcome": "false-positive",
    "expectedCode": null
  },
  {
    "testCase": "K2-precedingAxis-5",
    "outcome": "false-positive",
    "expectedCode": null
  },
  {
    "testCase": "K2-precedingAxis-6",
    "outcome": "false-positive",
    "expectedCode": null
  }
]