[
  {
    "testCase": "try-finally-001",
    "outcome": "parse-failed"
  },
  {
    "testCase": "try-finally-002",
    "outcome": "parse-failed"
  },
  {
    "testCase": "try-finally-003",
    "outcome": "parse-failed"
  },
  {
    "testCase": "try-finally-004",
    "outcome": "parse-failed"
  },
  {
    "testCase": "try-finally-005",
    "outcome": "parse-failed"
  },
  {
    "testCase": "try-finally-006",
    "outcome": "parse-failed"
  },
  {
    "testCase": "try-finally-007",
    "outcome": "parse-failed"
  },
  {
    "testCase": "try-finally-008",
    "outcome": "parse-failed"
  },
  {
    "testCase": "try-finally-009",
    "outcome": "parse-failed"
  },
  {
    "testCase": "try-finally-010",
    "outcome": "parse-failed"
  },
  {
    "testCase": "try-finally-011",
    "outcome": "parse-failed"
  },
  {
    "testCase": "try-finally-012",
    "outcome": "parse-failed"
  }
]