[
  {
    "testCase": "function-literal-709",
    "outcome": "parse-failed"
  },
  {
    "testCase": "named-function-ref-reserved-function-names-001",
    "outcome": "parse-succeeded",
    "expectedCode": "XPST0003"
  },
  {
    "testCase": "named-function-ref-reserved-function-names-002",
    "outcome": "parse-succeeded",
    "expectedCode": "XPST0003"
  },
  {
    "testCase": "named-function-ref-reserved-function-names-003",
    "outcome": "parse-succeeded",
    "expectedCode": "XPST0003"
  },
  {
    "testCase": "named-function-ref-reserved-function-names-004",
    "outcome": "parse-succeeded",
    "expectedCode": "XPST0003"
  },
  {
    "testCase": "named-function-ref-reserved-function-names-005",
    "outcome": "parse-succeeded",
    "expectedCode": "XPST0003"
  },
  {
    "testCase": "named-function-ref-reserved-function-names-006",
    "outcome": "parse-succeeded",
    "expectedCode": "XPST0003"
  },
  {
    "testCase": "named-function-ref-reserved-function-names-007",
    "outcome": "parse-succeeded",
    "expectedCode": "XPST0003"
  },
  {
    "testCase": "named-function-ref-reserved-function-names-008",
    "outcome": "parse-succeeded",
    "expectedCode": "XPST0003"
  },
  {
    "testCase": "named-function-ref-reserved-function-names-009",
    "outcome": "parse-succeeded",
    "expectedCode": "XPST0003"
  },
  {
    "testCase": "named-function-ref-reserved-function-names-010",
    "outcome": "parse-succeeded",
    "expectedCode": "XPST0003"
  },
  {
    "testCase": "named-function-ref-reserved-function-names-011",
    "outcome": "parse-succeeded",
    "expectedCode": "XPST0003"
  },
  {
    "testCase": "named-function-ref-reserved-function-names-012",
    "outcome": "parse-succeeded",
    "expectedCode": "XPST0003"
  },
  {
    "testCase": "named-function-ref-reserved-function-names-013",
    "outcome": "parse-succeeded",
    "expectedCode": "XPST0003"
  },
  {
    "testCase": "named-function-ref-reserved-function-names-014",
    "outcome": "parse-succeeded",
    "expectedCode": "XPST0003"
  },
  {
    "testCase": "named-function-ref-reserved-function-names-015",
    "outcome": "parse-succeeded",
    "expectedCode": "XPST0003"
  },
  {
    "testCase": "named-function-ref-reserved-function-names-016",
    "outcome": "parse-succeeded",
    "expectedCode": "XPST0003"
  },
  {
    "testCase": "named-function-ref-reserved-function-names-017",
    "outcome": "parse-succeeded",
    "expectedCode": "XPST0003"
  },
  {
    "testCase": "named-function-ref-reserved-function-names-018",
    "outcome": "parse-succeeded",
    "expectedCode": "XPST0003"
  }
]