[
  {
    "testCase": "method-001",
    "outcome": "parse-failed"
  },
  {
    "testCase": "method-002",
    "outcome": "parse-failed"
  },
  {
    "testCase": "method-003",
    "outcome": "parse-failed"
  },
  {
    "testCase": "method-004",
    "outcome": "parse-failed"
  },
  {
    "testCase": "method-005",
    "outcome": "parse-failed"
  },
  {
    "testCase": "method-006",
    "outcome": "parse-failed"
  },
  {
    "testCase": "method-901",
    "outcome": "parse-failed"
  },
  {
    "testCase": "method-902",
    "outcome": "parse-failed"
  },
  {
    "testCase": "method-903",
    "outcome": "parse-failed"
  },
  {
    "testCase": "method-904",
    "outcome": "parse-failed"
  },
  {
    "testCase": "method-905",
    "outcome": "parse-failed"
  },
  {
    "testCase": "method-906",
    "outcome": "parse-failed"
  }
]