[
  {
    "testCase": "K2-Steps-4",
    "outcome": "parse-failed"
  },
  {
    "testCase": "K2-Steps-45",
    "outcome": "parse-failed"
  },
  {
    "testCase": "Steps-leading-lone-slash-2",
    "outcome": "parse-succeeded",
    "expectedCode": "XPST0003"
  },
  {
    "testCase": "Steps-leading-lone-slash-3",
    "outcome": "parse-succeeded",
    "expectedCode": "XPST0003"
  },
  {
    "testCase": "Steps-leading-lone-slash-4",
    "outcome": "parse-succeeded",
    "expectedCode": "XPST0003"
  },
  {
    "testCase": "Steps-leading-lone-slash-5",
    "outcome": "parse-succeeded",
    "expectedCode": "XPST0003"
  }
]