[
  {
    "testCase": "Axes114",
    "outcome": "false-positive",
    "expectedCode": null
  },
  {
    "testCase": "Axes116",
    "outcome": "false-positive",
    "expectedCode": null
  },
  {
    "testCase": "Axes118",
    "outcome": "false-positive",
    "expectedCode": null
  },
  {
    "testCase": "Axes119",
    "outcome": "false-positive",
    "expectedCode": null
  },
  {
    "testCase": "Axes120",
    "outcome": "false-positive",
    "expectedCode": null
  },
  {
    "testCase": "Axes121",
    "outcome": "false-positive",
    "expectedCode": null
  },
  {
    "testCase": "Axes122",
    "outcome": "false-positive",
    "expectedCode": null
  },
  {
    "testCase": "Axes123",
    "outcome": "false-positive",
    "expectedCode": null
  },
  {
    "testCase": "Axes124",
    "outcome": "false-positive",
    "expectedCode": null
  },
  {
    "testCase": "Axes125",
    "outcome": "false-positive",
    "expectedCode": null
  },
  {
    "testCase": "Axes126",
    "outcome": "false-positive",
    "expectedCode": null
  },
  {
    "testCase": "K2-Axes-53",
    "outcome": "false-positive",
    "expectedCode": null
  },
  {
    "testCase": "K2-Axes-75",
    "outcome": "false-positive",
    "expectedCode": null
  },
  {
    "testCase": "K2-Axes-76",
    "outcome": "false-positive",
    "expectedCode": null
  }
]