[
  {
    "testCase": "Constr-ws-enclexpr-15",
    "outcome": "false-positive",
    "expectedCode": null
  },
  {
    "testCase": "Constr-ws-enclexpr-16",
    "outcome": "false-positive",
    "expectedCode": null
  },
  {
    "testCase": "Constr-ws-enclexpr-17",
    "outcome": "false-positive",
    "expectedCode": null
  },
  {
    "testCase": "Constr-ws-enclexpr-18",
    "outcome": "false-positive",
    "expectedCode": null
  },
  {
    "testCase": "Constr-ws-enclexpr-19",
    "outcome": "false-positive",
    "expectedCode": null
  },
  {
    "testCase": "Constr-ws-enclexpr-20",
    "outcome": "false-positive",
    "expectedCode": null
  },
  {
    "testCase": "Constr-ws-enclexpr-21",
    "outcome": "false-positive",
    "expectedCode": null
  },
  {
    "testCase": "Constr-ws-enclexpr-22",
    "outcome": "false-positive",
    "expectedCode": null
  },
  {
    "testCase": "Constr-ws-enclexpr-23",
    "outcome": "false-positive",
    "expectedCode": null
  },
  {
    "testCase": "Constr-ws-enclexpr-24",
    "outcome": "false-positive",
    "expectedCode": null
  },
  {
    "testCase": "Constr-ws-nobound-2",
    "outcome": "false-positive",
    "expectedCode": null
  },
  {
    "testCase": "Constr-ws-nobound-3",
    "outcome": "false-positive",
    "expectedCode": null
  },
  {
    "testCase": "Constr-ws-nobound-5",
    "outcome": "false-positive",
    "expectedCode": null
  },
  {
    "testCase": "Constr-ws-nobound-6",
    "outcome": "false-positive",
    "expectedCode": null
  },
  {
    "testCase": "Constr-ws-gencdata-3",
    "outcome": "false-positive",
    "expectedCode": null
  },
  {
    "testCase": "Constr-ws-adjchref-2",
    "outcome": "false-positive",
    "expectedCode": null
  },
  {
    "testCase": "Constr-ws-adjchref-3",
    "outcome": "false-positive",
    "expectedCode": null
  },
  {
    "testCase": "Constr-ws-adjcdata-1",
    "outcome": "false-positive",
    "expectedCode": null
  },
  {
    "testCase": "Constr-ws-adjcdata-2",
    "outcome": "false-positive",
    "expectedCode": null
  },
  {
    "testCase": "Constr-ws-adjcdata-3",
    "outcome": "false-positive",
    "expectedCode": null
  },
  {
    "testCase": "Constr-ws-genenclexpr-2",
    "outcome": "false-positive",
    "expectedCode": null
  },
  {
    "testCase": "Constr-ws-genenclexpr-3",
    "outcome": "false-positive",
    "expectedCode": null
  }
]