[
  {
    "testCase": "preceding-or-self-22",
    "outcome": "false-positive",
    "expectedCode": null
  },
  {
    "testCase": "preceding-or-self-23",
    "outcome": "false-positive",
    "expectedCode": null
  },
  {
    "testCase": "preceding-or-self-35",
    "outcome": "false-positive",
    "expectedCode": null
  },
  {
    "testCase": "preceding-or-self-36",
    "outcome": "false-positive",
    "expectedCode": null
  }
]