[
  {
    "testCase": "K-Literals-30",
    "outcome": "false-negative",
    "expectedCode": "XPST0003"
  },
  {
    "testCase": "K-Literals-31a",
    "outcome": "false-positive",
    "expectedCode": null
  },
  {
    "testCase": "K2-Literals-21",
    "outcome": "false-negative",
    "expectedCode": "XPST0003"
  },
  {
    "testCase": "K2-Literals-28",
    "outcome": "false-positive",
    "expectedCode": null
  },
  {
    "testCase": "K2-Literals-39",
    "outcome": "false-positive",
    "expectedCode": null
  }
]