[
  {
    "testCase": "sequence-type-40",
    "outcome": "false-positive",
    "expectedCode": null
  },
  {
    "testCase": "sequence-type-41",
    "outcome": "false-positive",
    "expectedCode": null
  },
  {
    "testCase": "sequence-type-42",
    "outcome": "false-positive",
    "expectedCode": null
  },
  {
    "testCase": "sequence-type-43",
    "outcome": "false-positive",
    "expectedCode": null
  },
  {
    "testCase": "sequence-type-44",
    "outcome": "false-positive",
    "expectedCode": null
  },
  {
    "testCase": "sequence-type-45",
    "outcome": "false-positive",
    "expectedCode": null
  },
  {
    "testCase": "sequence-type-46",
    "outcome": "false-positive",
    "expectedCode": null
  },
  {
    "testCase": "sequence-type-47",
    "outcome": "false-positive",
    "expectedCode": null
  },
  {
    "testCase": "sequence-type-48",
    "outcome": "false-positive",
    "expectedCode": null
  },
  {
    "testCase": "sequence-type-49",
    "outcome": "false-positive",
    "expectedCode": null
  },
  {
    "testCase": "sequence-type-50",
    "outcome": "false-positive",
    "expectedCode": null
  },
  {
    "testCase": "sequence-type-51",
    "outcome": "false-positive",
    "expectedCode": null
  },
  {
    "testCase": "sequence-type-52",
    "outcome": "false-positive",
    "expectedCode": null
  },
  {
    "testCase": "sequence-type-53",
    "outcome": "false-positive",
    "expectedCode": null
  },
  {
    "testCase": "sequence-type-54",
    "outcome": "false-positive",
    "expectedCode": null
  }
]