[
  {
    "testCase": "K-ForExprWithout-57",
    "outcome": "parse-succeeded",
    "expectedCode": "XPST0003"
  },
  {
    "testCase": "K-ForExprWithout-58",
    "outcome": "parse-succeeded",
    "expectedCode": "XPST0003"
  },
  {
    "testCase": "K2-ForExprWithout-42",
    "outcome": "parse-failed"
  },
  {
    "testCase": "K2-ForExprWithout-43",
    "outcome": "parse-failed"
  },
  {
    "testCase": "K2-ForExprWithout-44",
    "outcome": "parse-failed"
  }
]