[
  {
    "testCase": "K2-ComputeConElem-18",
    "outcome": "false-positive",
    "expectedCode": null
  },
  {
    "testCase": "K2-ComputeConElem-19",
    "outcome": "false-positive",
    "expectedCode": null
  },
  {
    "testCase": "K2-ComputeConElem-21",
    "outcome": "false-positive",
    "expectedCode": null
  },
  {
    "testCase": "K2-ComputeConElem-22",
    "outcome": "false-positive",
    "expectedCode": null
  },
  {
    "testCase": "K2-ComputeConElem-23",
    "outcome": "false-positive",
    "expectedCode": null
  },
  {
    "testCase": "K2-ComputeConElem-24",
    "outcome": "false-positive",
    "expectedCode": null
  }
]