[
  {
    "testCase": "K-FilterExpr-4",
    "outcome": "false-negative",
    "expectedCode": "XPST0003"
  },
  {
    "testCase": "K-FilterExpr-5",
    "outcome": "false-negative",
    "expectedCode": "XPST0003"
  },
  {
    "testCase": "K-FilterExpr-73",
    "outcome": "false-positive",
    "expectedCode": null
  },
  {
    "testCase": "K-FilterExpr-74",
    "outcome": "false-positive",
    "expectedCode": null
  },
  {
    "testCase": "K-FilterExpr-75",
    "outcome": "false-positive",
    "expectedCode": null
  },
  {
    "testCase": "K-FilterExpr-90",
    "outcome": "false-positive",
    "expectedCode": null
  },
  {
    "testCase": "K2-FilterExpr-1",
    "outcome": "false-positive",
    "expectedCode": null
  },
  {
    "testCase": "K2-Predicates-2",
    "outcome": "false-positive",
    "expectedCode": null
  },
  {
    "testCase": "K2-Predicates-3",
    "outcome": "false-positive",
    "expectedCode": null
  },
  {
    "testCase": "K2-Predicates-7",
    "outcome": "false-positive",
    "expectedCode": null
  },
  {
    "testCase": "predicate-411",
    "outcome": "false-positive",
    "expectedCode": null
  }
]