[
  {
    "testCase": "MapConstructor-010a",
    "outcome": "parse-failed"
  },
  {
    "testCase": "MapConstructor-011a",
    "outcome": "parse-failed"
  },
  {
    "testCase": "MapConstructor-016a",
    "outcome": "parse-failed"
  },
  {
    "testCase": "MapConstructor-025a",
    "outcome": "parse-succeeded",
    "expectedCode": "XPST0003"
  },
  {
    "testCase": "MapConstructor-401",
    "outcome": "parse-failed"
  },
  {
    "testCase": "MapConstructor-402",
    "outcome": "parse-failed"
  },
  {
    "testCase": "MapConstructor-403",
    "outcome": "parse-failed"
  },
  {
    "testCase": "MapConstructor-404",
    "outcome": "parse-failed"
  },
  {
    "testCase": "MapConstructor-405",
    "outcome": "parse-failed"
  },
  {
    "testCase": "MapConstructor-406",
    "outcome": "parse-failed"
  },
  {
    "testCase": "MapConstructor-408",
    "outcome": "parse-failed"
  },
  {
    "testCase": "MapConstructor-409",
    "outcome": "parse-failed"
  },
  {
    "testCase": "MapConstructor-410",
    "outcome": "parse-failed"
  },
  {
    "testCase": "MapConstructor-411",
    "outcome": "parse-failed"
  },
  {
    "testCase": "MapConstructor-412",
    "outcome": "parse-failed"
  },
  {
    "testCase": "MapConstructor-413",
    "outcome": "parse-failed"
  },
  {
    "testCase": "MapConstructor-414",
    "outcome": "parse-failed"
  },
  {
    "testCase": "MapConstructor-415",
    "outcome": "parse-failed"
  },
  {
    "testCase": "MapConstructor-420",
    "outcome": "parse-failed"
  },
  {
    "testCase": "MapConstructor-421",
    "outcome": "parse-failed"
  },
  {
    "testCase": "MapConstructor-422",
    "outcome": "parse-failed"
  },
  {
    "testCase": "MapConstructor-423",
    "outcome": "parse-failed"
  },
  {
    "testCase": "MapConstructor-424",
    "outcome": "parse-failed"
  },
  {
    "testCase": "MapConstructor-425",
    "outcome": "parse-failed"
  },
  {
    "testCase": "MapConstructor-426",
    "outcome": "parse-failed"
  },
  {
    "testCase": "MapConstructor-450",
    "outcome": "parse-failed"
  },
  {
    "testCase": "MapConstructor-451",
    "outcome": "parse-failed"
  },
  {
    "testCase": "MapConstructor-452",
    "outcome": "parse-failed"
  },
  {
    "testCase": "MapConstructor-453",
    "outcome": "parse-failed"
  },
  {
    "testCase": "MapConstructor-454",
    "outcome": "parse-failed"
  },
  {
    "testCase": "MapConstructor-456",
    "outcome": "parse-failed"
  },
  {
    "testCase": "MapConstructor-500",
    "outcome": "parse-failed"
  },
  {
    "testCase": "MapConstructor-501",
    "outcome": "parse-failed"
  },
  {
    "testCase": "MapConstructor-502",
    "outcome": "parse-failed"
  },
  {
    "testCase": "MapConstructor-503",
    "outcome": "parse-failed"
  },
  {
    "testCase": "MapConstructor-504",
    "outcome": "parse-failed"
  },
  {
    "testCase": "MapConstructor-505",
    "outcome": "parse-failed"
  },
  {
    "testCase": "MapConstructor-506",
    "outcome": "parse-failed"
  }
]