[
  {
    "testCase": "Lookup-009",
    "outcome": "parse-failed"
  },
  {
    "testCase": "Lookup-018",
    "outcome": "parse-succeeded",
    "expectedCode": "XPST0003"
  },
  {
    "testCase": "Lookup-109",
    "outcome": "parse-failed"
  },
  {
    "testCase": "Lookup-118",
    "outcome": "parse-succeeded",
    "expectedCode": "XPST0003"
  },
  {
    "testCase": "Lookup-163",
    "outcome": "parse-succeeded",
    "expectedCode": "XPST0003"
  }
]