[
  {
    "testCase": "PathExpr-J-022",
    "outcome": "parse-failed"
  },
  {
    "testCase": "PathExpr-J-114",
    "outcome": "parse-failed"
  },
  {
    "testCase": "PathExpr-J-145",
    "outcome": "parse-failed"
  },
  {
    "testCase": "PathExpr-J-311",
    "outcome": "parse-failed"
  },
  {
    "testCase": "PathExpr-J-402",
    "outcome": "parse-failed"
  },
  {
    "testCase": "PathExpr-J-403",
    "outcome": "parse-failed"
  }
]