[
  {
    "testCase": "setToUntyped-001",
    "outcome": "false-positive",
    "expectedCode": null
  },
  {
    "testCase": "setToUntyped-002",
    "outcome": "false-positive",
    "expectedCode": null
  },
  {
    "testCase": "setToUntyped-003",
    "outcome": "false-positive",
    "expectedCode": null
  },
  {
    "testCase": "setToUntyped-004",
    "outcome": "false-positive",
    "expectedCode": null
  },
  {
    "testCase": "setToUntyped-005",
    "outcome": "false-positive",
    "expectedCode": null
  },
  {
    "testCase": "setToUntyped-006",
    "outcome": "false-positive",
    "expectedCode": null
  },
  {
    "testCase": "setToUntyped-007",
    "outcome": "false-positive",
    "expectedCode": null
  }
]