[
  {
    "testCase": "id-function-declaration-001",
    "outcome": "parse-failed"
  },
  {
    "testCase": "id-function-declaration-003",
    "outcome": "parse-failed"
  },
  {
    "testCase": "id-function-declaration-004",
    "outcome": "parse-failed"
  },
  {
    "testCase": "id-function-declaration-005",
    "outcome": "parse-failed"
  },
  {
    "testCase": "id-function-declaration-006",
    "outcome": "parse-failed"
  },
  {
    "testCase": "id-function-declaration-008",
    "outcome": "parse-failed"
  },
  {
    "testCase": "id-function-declaration-010",
    "outcome": "parse-failed"
  },
  {
    "testCase": "id-function-declaration-012",
    "outcome": "parse-failed"
  },
  {
    "testCase": "id-function-declaration-015",
    "outcome": "parse-failed"
  },
  {
    "testCase": "id-function-declaration-016",
    "outcome": "parse-failed"
  },
  {
    "testCase": "id-function-declaration-017",
    "outcome": "parse-failed"
  },
  {
    "testCase": "id-function-declaration-102",
    "outcome": "parse-failed"
  },
  {
    "testCase": "id-function-declaration-103",
    "outcome": "parse-failed"
  },
  {
    "testCase": "id-function-declaration-104",
    "outcome": "parse-failed"
  }
]