[
  {
    "testCase": "setToUntyped-001",
    "outcome": "parse-failed"
  },
  {
    "testCase": "setToUntyped-002",
    "outcome": "parse-failed"
  },
  {
    "testCase": "setToUntyped-003",
    "outcome": "parse-failed"
  },
  {
    "testCase": "setToUntyped-004",
    "outcome": "parse-failed"
  },
  {
    "testCase": "setToUntyped-005",
    "outcome": "parse-failed"
  },
  {
    "testCase": "setToUntyped-006",
    "outcome": "parse-failed"
  },
  {
    "testCase": "setToUntyped-007",
    "outcome": "parse-failed"
  }
]