[
  {
    "testCase": "id-rename-expr-035",
    "outcome": "false-positive",
    "expectedCode": null
  },
  {
    "testCase": "id-rename-expr-036",
    "outcome": "false-positive",
    "expectedCode": null
  },
  {
    "testCase": "id-rename-expr-037",
    "outcome": "false-positive",
    "expectedCode": null
  }
]