[
  {
    "testCase": "cbcl-anyURI-004b",
    "outcome": "false-positive",
    "expectedCode": null
  },
  {
    "testCase": "cbcl-anyURI-006b",
    "outcome": "false-positive",
    "expectedCode": null
  },
  {
    "testCase": "cbcl-anyURI-009b",
    "outcome": "false-positive",
    "expectedCode": null
  },
  {
    "testCase": "cbcl-anyURI-012b",
    "outcome": "false-positive",
    "expectedCode": null
  }
]