[
  {
    "testCase": "cbcl-anyURI-004b",
    "outcome": "parse-failed"
  },
  {
    "testCase": "cbcl-anyURI-006b",
    "outcome": "parse-failed"
  },
  {
    "testCase": "cbcl-anyURI-009b",
    "outcome": "parse-failed"
  },
  {
    "testCase": "cbcl-anyURI-012b",
    "outcome": "parse-failed"
  }
]